
Map of Debug\OLCD_128X32.sm8 from link file Debug\OLCD_128X32.lkf - Mon Oct 27 16:02:35 2025


                               --------
                               Segments
                               --------

start 00008080 end 00008318 length   664 segment .const
start 0000831b end 00009b00 length  6117 segment .text
start 00004000 end 00004000 length     0 segment .eeprom
start 00000000 end 00000000 length     0 segment .bsct
start 00000000 end 0000008c length   140 segment .ubsct
start 0000008c end 0000008c length     0 segment .bit
start 0000008c end 0000008c length     0 segment .share
start 00000100 end 00000100 length     0 segment .data
start 00000100 end 00000100 length     0 segment .bss
start 00000000 end 00000f63 length  3939 segment .info.
start 00000000 end 00011c22 length 72738 segment .debug
start 00008000 end 00008080 length   128 segment .const
start 00008318 end 0000831b length     3 segment .init


                               -------
                               Modules
                               -------

D:\01_MCU\COSMIC\CXSTM8\Lib\crtsi0.sm8:
start 0000831b end 0000836b length    80 section .text
start 00000100 end 00000100 length     0 section .bss
start 00000000 end 00000000 length     0 section .ubsct
start 00000000 end 00000034 length    52 section .info.

Debug\uart.o:
start ******** end ******** length     0 section .text *** removed ***
start 00000000 end 00000451 length  1105 section .debug
start 00000034 end 0000009e length   106 section .info.
start ******** end ******** length     0 section .const *** removed ***

Debug\ssd1306.o:
start 0000836b end 0000895f length  1524 section .text
start 00000451 end 00001010 length  3007 section .debug
start 0000009e end 0000010b length   109 section .info.
start 00008080 end 000082f7 length   631 section .const

Debug\main.o:
start 0000895f end 00008aa0 length   321 section .text
start ******** end ******** length     0 section .bsct *** removed ***
start 00000000 end 00000082 length   130 section .ubsct
start 00001010 end 000012c1 length   689 section .debug
start 0000010b end 00000175 length   106 section .info.
start 000082f7 end 00008300 length     9 section .const

Debug\stm8s_adc1.o:
start 00008aa0 end 00008ed3 length  1075 section .text
start 000012c1 end 000028b2 length  5617 section .debug
start 00000175 end 000001e5 length   112 section .info.

Debug\stm8s_awu.o:
start ******** end ******** length     0 section .text *** removed ***
start 000028b2 end 00002e71 length  1471 section .debug
start 000001e5 end 00000254 length   111 section .info.
start ******** end ******** length     0 section .const *** removed ***

Debug\stm8s_beep.o:
start ******** end ******** length     0 section .text *** removed ***
start 00002e71 end 0000314c length   731 section .debug
start 00000254 end 000002c4 length   112 section .info.
start ******** end ******** length     0 section .const *** removed ***

Debug\stm8s_clk.o:
start 00008ed3 end 00009257 length   900 section .text
start 0000314c end 000047bb length  5743 section .debug
start 000002c4 end 00000333 length   111 section .info.
start 00008300 end 0000830c length    12 section .const

Debug\stm8s_delay.o:
start 00009257 end 0000928b length    52 section .text
start 000047bb end 00004907 length   332 section .debug
start 00000333 end 000003a4 length   113 section .info.
start 0000830c end 00008310 length     4 section .const

Debug\stm8s_exti.o:
start ******** end ******** length     0 section .text *** removed ***
start 00004907 end 00004d96 length  1167 section .debug
start 000003a4 end 00000414 length   112 section .info.

Debug\stm8s_flash.o:
start ******** end ******** length     0 section .text *** removed ***
start 00004d96 end 00005b75 length  3551 section .debug
start 00000414 end 00000485 length   113 section .info.

Debug\stm8s_gpio.o:
start 0000928b end 0000933d length   178 section .text
start 00005b75 end 0000657f length  2570 section .debug
start 00000485 end 000004f5 length   112 section .info.

Debug\stm8s_i2c.o:
start 0000933d end 0000967c length   831 section .text
start 0000657f end 00007b20 length  5537 section .debug
start 000004f5 end 00000564 length   111 section .info.
start 00008310 end 00008318 length     8 section .const

Debug\stm8s_itc.o:
start ******** end ******** length     0 section .text *** removed ***
start 00007b20 end 00008123 length  1539 section .debug
start 00000564 end 000005d3 length   111 section .info.
start ******** end ******** length     0 section .const *** removed ***

Debug\stm8s_iwdg.o:
start ******** end ******** length     0 section .text *** removed ***
start 00008123 end 000084c5 length   930 section .debug
start 000005d3 end 00000643 length   112 section .info.

Debug\stm8s_rst.o:
start ******** end ******** length     0 section .text *** removed ***
start 000084c5 end 000086f4 length   559 section .debug
start 00000643 end 000006b2 length   111 section .info.

Debug\stm8s_spi.o:
start ******** end ******** length     0 section .text *** removed ***
start 000086f4 end 00009630 length  3900 section .debug
start 000006b2 end 00000721 length   111 section .info.

Debug\stm8s_tim1.o:
start ******** end ******** length     0 section .text *** removed ***
start 00009630 end 0000d5ba length 16266 section .debug
start 00000721 end 00000791 length   112 section .info.

Debug\stm8s_tim2.o:
start ******** end ******** length     0 section .text *** removed ***
start 0000d5ba end 0000f8ce length  8980 section .debug
start 00000791 end 00000801 length   112 section .info.

Debug\stm8s_tim4.o:
start ******** end ******** length     0 section .text *** removed ***
start 0000f8ce end 00010485 length  2999 section .debug
start 00000801 end 00000871 length   112 section .info.

Debug\stm8s_uart1.o:
start ******** end ******** length     0 section .text *** removed ***
start 00010485 end 00011871 length  5100 section .debug
start 00000871 end 000008e2 length   113 section .info.
start ******** end ******** length     0 section .const *** removed ***

Debug\stm8s_wwdg.o:
start ******** end ******** length     0 section .text *** removed ***
start 00011871 end 00011ab7 length   582 section .debug
start 000008e2 end 00000952 length   112 section .info.

(D:\01_MCU\COSMIC\CXSTM8\Lib\libm0.sm8)cmulx.o:
start ******** end ******** length     0 section .text *** removed ***
start 00000952 end 00000982 length    48 section .info.

(D:\01_MCU\COSMIC\CXSTM8\Lib\libm0.sm8)fmul.o:
start 0000967c end 00009751 length   213 section .text
start 00000982 end 000009b1 length    47 section .info.

(D:\01_MCU\COSMIC\CXSTM8\Lib\libm0.sm8)ftol.o:
start 00009751 end 000097b3 length    98 section .text
start 000009b1 end 000009e0 length    47 section .info.

(D:\01_MCU\COSMIC\CXSTM8\Lib\libm0.sm8)imul.o:
start ******** end ******** length     0 section .text *** removed ***
start 000009e0 end 00000a0f length    47 section .info.

(D:\01_MCU\COSMIC\CXSTM8\Lib\libm0.sm8)ladc.o:
start 000097b3 end 000097c4 length    17 section .text
start 00000a0f end 00000a3e length    47 section .info.

(D:\01_MCU\COSMIC\CXSTM8\Lib\libm0.sm8)ladd.o:
start ******** end ******** length     0 section .text *** removed ***
start 00000a3e end 00000a6d length    47 section .info.

(D:\01_MCU\COSMIC\CXSTM8\Lib\libm0.sm8)lcmp.o:
start 000097c4 end 000097e4 length    32 section .text
start 00000a6d end 00000a9c length    47 section .info.

(D:\01_MCU\COSMIC\CXSTM8\Lib\libm0.sm8)lgadd.o:
start ******** end ******** length     0 section .text *** removed ***
start 00000a9c end 00000acc length    48 section .info.

(D:\01_MCU\COSMIC\CXSTM8\Lib\libm0.sm8)llsh.o:
start ******** end ******** length     0 section .text *** removed ***
start 00000acc end 00000afb length    47 section .info.

(D:\01_MCU\COSMIC\CXSTM8\Lib\libm0.sm8)lmul.o:
start 000097e4 end 0000986f length   139 section .text
start 00000afb end 00000b2a length    47 section .info.

(D:\01_MCU\COSMIC\CXSTM8\Lib\libm0.sm8)lneg.o:
start 0000986f end 00009884 length    21 section .text
start 00000b2a end 00000b59 length    47 section .info.

(D:\01_MCU\COSMIC\CXSTM8\Lib\libm0.sm8)lreg.o:
start 00000082 end 00000086 length     4 section .ubsct
start 00000b59 end 00000b88 length    47 section .info.

(D:\01_MCU\COSMIC\CXSTM8\Lib\libm0.sm8)lsub.o:
start ******** end ******** length     0 section .text *** removed ***
start 00000b88 end 00000bb7 length    47 section .info.

(D:\01_MCU\COSMIC\CXSTM8\Lib\libm0.sm8)ltor.o:
start 00009884 end 00009896 length    18 section .text
start 00000bb7 end 00000be6 length    47 section .info.

(D:\01_MCU\COSMIC\CXSTM8\Lib\libm0.sm8)ludiv.o:
start 00009896 end 000098aa length    20 section .text
start 00000be6 end 00000c16 length    48 section .info.

(D:\01_MCU\COSMIC\CXSTM8\Lib\libm0.sm8)ldiv.o:
start 000098aa end 00009995 length   235 section .text
start 00000c16 end 00000c45 length    47 section .info.

(D:\01_MCU\COSMIC\CXSTM8\Lib\libm0.sm8)lgneg.o:
start 00009995 end 000099a8 length    19 section .text
start 00000c45 end 00000c75 length    48 section .info.

(D:\01_MCU\COSMIC\CXSTM8\Lib\libm0.sm8)lumod.o:
start 000099a8 end 000099c2 length    26 section .text
start 00000c75 end 00000ca5 length    48 section .info.

(D:\01_MCU\COSMIC\CXSTM8\Lib\libm0.sm8)lursh.o:
start 000099c2 end 000099d1 length    15 section .text
start 00000ca5 end 00000cd5 length    48 section .info.

(D:\01_MCU\COSMIC\CXSTM8\Lib\libm0.sm8)lzmp.o:
start 000099d1 end 000099e4 length    19 section .text
start 00000cd5 end 00000d04 length    47 section .info.

(D:\01_MCU\COSMIC\CXSTM8\Lib\libm0.sm8)rtol.o:
start 000099e4 end 000099f6 length    18 section .text
start 00000d04 end 00000d33 length    47 section .info.

(D:\01_MCU\COSMIC\CXSTM8\Lib\libm0.sm8)sdivx.o:
start 000099f6 end 00009a21 length    43 section .text
start 00000d33 end 00000d63 length    48 section .info.

(D:\01_MCU\COSMIC\CXSTM8\Lib\libm0.sm8)sdivy.o:
start ******** end ******** length     0 section .text *** removed ***
start 00000d63 end 00000d93 length    48 section .info.

(D:\01_MCU\COSMIC\CXSTM8\Lib\libm0.sm8)smul.o:
start 00009a21 end 00009a60 length    63 section .text
start 00000d93 end 00000dc2 length    47 section .info.

(D:\01_MCU\COSMIC\CXSTM8\Lib\libm0.sm8)uitof.o:
start 00009a60 end 00009a84 length    36 section .text
start 00000dc2 end 00000df2 length    48 section .info.

(D:\01_MCU\COSMIC\CXSTM8\Lib\libm0.sm8)umul.o:
start 00009a84 end 00009ac0 length    60 section .text
start 00000df2 end 00000e21 length    47 section .info.

(D:\01_MCU\COSMIC\CXSTM8\Lib\libm0.sm8)xreg.o:
start 00000086 end 00000089 length     3 section .ubsct
start 00000e21 end 00000e50 length    47 section .info.

(D:\01_MCU\COSMIC\CXSTM8\Lib\libm0.sm8)xymov.o:
start 00009ac0 end 00009aff length    63 section .text
start 00000e50 end 00000e80 length    48 section .info.

(D:\01_MCU\COSMIC\CXSTM8\Lib\libm0.sm8)yreg.o:
start 00000089 end 0000008c length     3 section .ubsct
start 00000e80 end 00000eaf length    47 section .info.

Debug\stm8_interrupt_vector.o:
start 00009aff end 00009b00 length     1 section .text
start 00011ab7 end 00011c22 length   363 section .debug
start 00000eaf end 00000f2a length   123 section .info.
start 00008000 end 00008080 length   128 section .const


                             -----------
                             Stack usage
                             -----------

Debug\main.o:
_ADC1_ReadChannel                   10   (3)
_ADC1_setup                         17   (2)
_GPIO_setup                          8   (2)
_clock_setup                        12   (2)
_main                           >   69   (9)

Debug\ssd1306.o:
_Draw_Pixel                         26   (8)
_Full_Water                         27   (2)
_I2C_setup                          37   (2)
_Low_water                          27   (2)
_OLED_HW_setup                      39   (2)
_OLED_clear_buffer                   4   (4)
_OLED_clear_screen                  25   (2)
_OLED_clear_value_area              22   (4)
_OLED_fill                          23   (5)
_OLED_gotoxy                        18   (4)
_OLED_init                          41   (2)
_OLED_print_2xChar                  33   (15)
_OLED_print_Image                   25   (7)
_OLED_print_char                    25   (7)
_OLED_print_int                     60   (21)
_OLED_print_string              >   31   (6)
_OLED_print_string_2x               39   (6)
_OLED_write                         14   (4)
_clear_rect_area                >   34   (8)

Debug\stm8_interrupt_vector.o:
f_NonHandledInterrupt           >    6   (6)

Debug\stm8s_adc1.o:
_ADC1_AWDChannelConfig          >    4   (4)
_ADC1_ClearFlag                      4   (4)
_ADC1_ClearITPendingBit         >    5   (5)
_ADC1_Cmd                            2   (2)
_ADC1_ConversionConfig               5   (5)
_ADC1_DataBufferCmd             >    2   (2)
_ADC1_DeInit                         2   (2)
_ADC1_ExternalTriggerConfig          4   (4)
_ADC1_GetAWDChannelStatus       >    4   (4)
_ADC1_GetBufferValue            >    8   (8)
_ADC1_GetConversionValue             7   (7)
_ADC1_GetFlagStatus                  4   (4)
_ADC1_GetITStatus               >    5   (5)
_ADC1_ITConfig                  >    5   (5)
_ADC1_Init                          15   (10)
_ADC1_PrescalerConfig                3   (3)
_ADC1_ScanModeCmd               >    2   (2)
_ADC1_SchmittTriggerConfig           4   (4)
_ADC1_SetHighThreshold          >    4   (4)
_ADC1_SetLowThreshold           >    2   (2)
_ADC1_StartConversion                2   (2)

Debug\stm8s_clk.o:
_CLK_AdjustHSICalibrationValue  >    3   (3)
_CLK_CCOCmd                     >    2   (2)
_CLK_CCOConfig                  >    3   (3)
_CLK_ClearITPendingBit          >    2   (2)
_CLK_ClockSecuritySystemEnable  >    2   (2)
_CLK_ClockSwitchCmd                  2   (2)
_CLK_ClockSwitchConfig              10   (10)
_CLK_DeInit                          2   (2)
_CLK_FastHaltWakeUpCmd          >    2   (2)
_CLK_GetClockFreq                   25   (11)
_CLK_GetFlagStatus                   7   (7)
_CLK_GetITStatus                >    4   (4)
_CLK_GetSYSCLKSource            >    2   (2)
_CLK_HSECmd                          2   (2)
_CLK_HSICmd                          2   (2)
_CLK_HSIPrescalerConfig              3   (3)
_CLK_ITConfig                   >    4   (4)
_CLK_LSICmd                          2   (2)
_CLK_PeripheralClockConfig           4   (4)
_CLK_SWIMConfig                 >    2   (2)
_CLK_SYSCLKConfig                    3   (3)
_CLK_SYSCLKEmergencyClear       >    2   (2)
_CLK_SlowActiveHaltWakeUpCmd    >    2   (2)

Debug\stm8s_delay.o:
_delay_ms                           14   (4)
_delay_us                           10   (4)

Debug\stm8s_gpio.o:
_GPIO_DeInit                         2   (2)
_GPIO_ExternalPullUpConfig      >    6   (6)
_GPIO_Init                           6   (6)
_GPIO_ReadInputData             >    2   (2)
_GPIO_ReadInputPin              >    5   (5)
_GPIO_ReadOutputData            >    2   (2)
_GPIO_Write                     >    5   (5)
_GPIO_WriteHigh                 >    5   (5)
_GPIO_WriteLow                  >    5   (5)
_GPIO_WriteReverse              >    5   (5)

Debug\stm8s_i2c.o:
_I2C_AcknowledgeConfig               3   (3)
_I2C_CheckEvent                     10   (10)
_I2C_ClearFlag                  >    4   (4)
_I2C_ClearITPendingBit          >    4   (4)
_I2C_Cmd                             2   (2)
_I2C_DeInit                          2   (2)
_I2C_FastModeDutyCycleConfig    >    2   (2)
_I2C_GeneralCallCmd             >    2   (2)
_I2C_GenerateSTART                   2   (2)
_I2C_GenerateSTOP                    2   (2)
_I2C_GetFlagStatus                   6   (6)
_I2C_GetITStatus                >    8   (8)
_I2C_GetLastEvent               >    8   (8)
_I2C_ITConfig                   >    4   (4)
_I2C_Init                           35   (21)
_I2C_ReceiveData                >    2   (2)
_I2C_Send7bitAddress                 4   (4)
_I2C_SendData                        2   (2)
_I2C_SoftwareResetCmd           >    2   (2)
_I2C_StretchClockCmd            >    2   (2)

Stack size: 75


                              ---------
                              Call tree
                              ---------
   1 > _ADC1_AWDChannelConfig: (4)

   2 > _ADC1_ClearITPendingBit: (5)

   3 > _ADC1_DataBufferCmd: (2)

   4 > _ADC1_GetAWDChannelStatus: (4)

   5 > _ADC1_GetBufferValue: (8)

   6 > _ADC1_GetITStatus: (5)

   7 > _ADC1_ITConfig: (5)

   8 > _ADC1_ScanModeCmd: (2)

   9 > _ADC1_SetHighThreshold: (4)

  10 > _ADC1_SetLowThreshold: (2)

  11 > _CLK_AdjustHSICalibrationValue: (3)

  12 > _CLK_CCOCmd: (2)

  13 > _CLK_CCOConfig: (3)

  14 > _CLK_ClearITPendingBit: (2)

  15 > _CLK_ClockSecuritySystemEnable: (2)

  16 > _CLK_FastHaltWakeUpCmd: (2)

  17 > _CLK_GetITStatus: (4)

  18 > _CLK_GetSYSCLKSource: (2)

  19 > _CLK_ITConfig: (4)

  20 > _CLK_SWIMConfig: (2)

  21 > _CLK_SYSCLKEmergencyClear: (2)

  22 > _CLK_SlowActiveHaltWakeUpCmd: (2)

  23 > _GPIO_ExternalPullUpConfig: (6)

  24 > _GPIO_ReadInputData: (2)

  25 > _GPIO_ReadInputPin: (5)

  26 > _GPIO_ReadOutputData: (2)

  27 > _GPIO_Write: (5)

  28 > _GPIO_WriteHigh: (5)

  29 > _GPIO_WriteLow: (5)

  30 > _GPIO_WriteReverse: (5)

  31 > _I2C_ClearFlag: (4)

  32 > _I2C_ClearITPendingBit: (4)

  33 > _I2C_FastModeDutyCycleConfig: (2)

  34 > _I2C_GeneralCallCmd: (2)

  35 > _I2C_GetITStatus: (8)

  36 > _I2C_GetLastEvent: (8)

  37 > _I2C_ITConfig: (4)

  38 > _I2C_ReceiveData: (2)

  39 > _I2C_SoftwareResetCmd: (2)

  40 > _I2C_StretchClockCmd: (2)

  41 > _OLED_print_string: (6)
  42      + _OLED_print_char: (7)
  43      |    + _OLED_gotoxy: (4)
  44      |    |    + _OLED_write: (4)
  45      |    |    |    + _I2C_CheckEvent: (10)
  46      |    |    |    + _I2C_GenerateSTART: (2)
  47      |    |    |    + _I2C_GenerateSTOP: (2)
  48      |    |    |    + _I2C_GetFlagStatus: (6)
  49      |    |    |    + _I2C_Send7bitAddress: (4)
  50      |    |    |    + _I2C_SendData: (2)
          |    |    | 
          |    | 
  51      |    + _OLED_write --> 44
          | 
       
  52 > __stext: (0)

  53 > _clear_rect_area: (8)
  54      + _Draw_Pixel: (8)
  55      |    + _OLED_gotoxy --> 43
  56      |    + _OLED_write --> 44
          | 
       
  57 > _main: (9)
  58      + _ADC1_ReadChannel: (3)
  59      |    + _ADC1_ClearFlag: (4)
  60      |    + _ADC1_ConversionConfig: (5)
  61      |    + _ADC1_GetConversionValue: (7)
  62      |    + _ADC1_GetFlagStatus: (4)
  63      |    + _ADC1_StartConversion: (2)
          | 
  64      + _ADC1_setup: (2)
  65      |    + _ADC1_Cmd: (2)
  66      |    + _ADC1_DeInit: (2)
  67      |    + _ADC1_Init: (10)
  68      |    |    + _ADC1_ConversionConfig --> 60
  69      |    |    + _ADC1_ExternalTriggerConfig: (4)
  70      |    |    + _ADC1_PrescalerConfig: (3)
  71      |    |    + _ADC1_SchmittTriggerConfig: (4)
          |    | 
          | 
  72      + _Full_Water: (2)
  73      |    + _OLED_print_Image: (7)
  74      |    |    + _I2C_CheckEvent --> 45
  75      |    |    + _I2C_GenerateSTART --> 46
  76      |    |    + _I2C_GenerateSTOP --> 47
  77      |    |    + _I2C_Send7bitAddress --> 49
  78      |    |    + _I2C_SendData --> 50
  79      |    |    + _OLED_gotoxy --> 43
          |    | 
  80      |    + _delay_ms: (4)
  81      |    |    + _delay_us: (4)
          |    | 
          | 
  82      + _GPIO_setup: (2)
  83      |    + _GPIO_DeInit: (2)
  84      |    + _GPIO_Init: (6)
          | 
  85      + _Low_water: (2)
  86      |    + _OLED_print_Image --> 73
  87      |    + _delay_ms --> 80
          | 
  88      + _OLED_clear_buffer: (4)
  89      + _OLED_clear_screen: (2)
  90      |    + _OLED_fill: (5)
  91      |    |    + _I2C_CheckEvent --> 45
  92      |    |    + _I2C_GenerateSTART --> 46
  93      |    |    + _I2C_GenerateSTOP --> 47
  94      |    |    + _I2C_Send7bitAddress --> 49
  95      |    |    + _I2C_SendData --> 50
  96      |    |    + _OLED_gotoxy --> 43
          |    | 
          | 
  97      + _OLED_clear_value_area: (4)
  98      |    + _I2C_CheckEvent --> 45
  99      |    + _I2C_GenerateSTART --> 46
 100      |    + _I2C_GenerateSTOP --> 47
 101      |    + _I2C_Send7bitAddress --> 49
 102      |    + _I2C_SendData --> 50
 103      |    + _OLED_gotoxy --> 43
          | 
 104      + _OLED_init: (2)
 105      |    + _OLED_HW_setup: (2)
 106      |    |    + _I2C_setup: (2)
 107      |    |    |    + _CLK_GetClockFreq: (11)
 108      |    |    |    + _I2C_Cmd: (2)
 109      |    |    |    + _I2C_DeInit: (2)
 110      |    |    |    + _I2C_Init: (21)
 111      |    |    |    |    + _I2C_AcknowledgeConfig: (3)
          |    |    |    | 
          |    |    | 
          |    | 
 112      |    + _OLED_write --> 44
 113      |    + _delay_ms --> 80
          | 
 114      + _OLED_print_int: (21)
 115      |    + _OLED_print_string_2x: (6)
 116      |    |    + _OLED_clear_screen --> 89
 117      |    |    + _OLED_print_2xChar: (15)
 118      |    |    |    + _OLED_gotoxy --> 43
 119      |    |    |    + _OLED_write --> 44
          |    |    | 
          |    | 
          | 
 120      + _OLED_print_string_2x --> 115
 121      + _clock_setup: (2)
 122      |    + _CLK_ClockSwitchCmd: (2)
 123      |    + _CLK_ClockSwitchConfig: (10)
 124      |    + _CLK_DeInit: (2)
 125      |    + _CLK_GetFlagStatus: (7)
 126      |    + _CLK_HSECmd: (2)
 127      |    + _CLK_HSICmd: (2)
 128      |    + _CLK_HSIPrescalerConfig: (3)
 129      |    + _CLK_LSICmd: (2)
 130      |    + _CLK_PeripheralClockConfig: (4)
 131      |    + _CLK_SYSCLKConfig: (3)
          | 
 132      + _delay_ms --> 80
       
 133 > f_NonHandledInterrupt: (6)

 134   _ADC1_ClearFlag --> 59

 135   _ADC1_Cmd --> 65

 136   _ADC1_ConversionConfig --> 60

 137   _ADC1_DeInit --> 66

 138   _ADC1_ExternalTriggerConfig --> 69

 139   _ADC1_GetConversionValue --> 61

 140   _ADC1_GetFlagStatus --> 62

 141   _ADC1_Init --> 67

 142   _ADC1_PrescalerConfig --> 70

 143   _ADC1_ReadChannel --> 58

 144   _ADC1_SchmittTriggerConfig --> 71

 145   _ADC1_StartConversion --> 63

 146   _ADC1_setup --> 64

 147   _CLK_ClockSwitchCmd --> 122

 148   _CLK_ClockSwitchConfig --> 123

 149   _CLK_DeInit --> 124

 150   _CLK_GetClockFreq --> 107

 151   _CLK_GetFlagStatus --> 125

 152   _CLK_HSECmd --> 126

 153   _CLK_HSICmd --> 127

 154   _CLK_HSIPrescalerConfig --> 128

 155   _CLK_LSICmd --> 129

 156   _CLK_PeripheralClockConfig --> 130

 157   _CLK_SYSCLKConfig --> 131

 158   _Draw_Pixel --> 54

 159   _Full_Water --> 72

 160   _GPIO_DeInit --> 83

 161   _GPIO_Init --> 84

 162   _GPIO_setup --> 82

 163   _I2C_AcknowledgeConfig --> 111

 164   _I2C_CheckEvent --> 45

 165   _I2C_Cmd --> 108

 166   _I2C_DeInit --> 109

 167   _I2C_GenerateSTART --> 46

 168   _I2C_GenerateSTOP --> 47

 169   _I2C_GetFlagStatus --> 48

 170   _I2C_Init --> 110

 171   _I2C_Send7bitAddress --> 49

 172   _I2C_SendData --> 50

 173   _I2C_setup --> 106

 174   _Low_water --> 85

 175   _OLED_HW_setup --> 105

 176   _OLED_clear_buffer --> 88

 177   _OLED_clear_screen --> 89

 178   _OLED_clear_value_area --> 97

 179   _OLED_fill --> 90

 180   _OLED_gotoxy --> 43

 181   _OLED_init --> 104

 182   _OLED_print_2xChar --> 117

 183   _OLED_print_Image --> 73

 184   _OLED_print_char --> 42

 185   _OLED_print_int --> 114

 186   _OLED_print_string_2x --> 115

 187   _OLED_write --> 44

 188   _clock_setup --> 121

 189   _delay_ms --> 80

 190   _delay_us --> 81



                               -------
                               Symbols
                               -------

_A0                              ********   *** removed from Debug\main.o ***
_ADC1_AWDChannelConfig           00008c75   defined in Debug\stm8s_adc1.o section .text
_ADC1_ClearFlag                  00008dd8   defined in Debug\stm8s_adc1.o section .text
                                            used in Debug\main.o
_ADC1_ClearITPendingBit          00008e81   defined in Debug\stm8s_adc1.o section .text
_ADC1_Cmd                        00008af9   defined in Debug\stm8s_adc1.o section .text
                                            used in Debug\main.o
_ADC1_ConversionConfig           00008bdd   defined in Debug\stm8s_adc1.o section .text
                                            used in Debug\main.o
_ADC1_DataBufferCmd              00008b15   defined in Debug\stm8s_adc1.o section .text
_ADC1_DeInit                     00008aa0   defined in Debug\stm8s_adc1.o section .text
                                            used in Debug\main.o
_ADC1_ExternalTriggerConfig      00008c0b   defined in Debug\stm8s_adc1.o section .text
_ADC1_GetAWDChannelStatus        00008d4e   defined in Debug\stm8s_adc1.o section .text
_ADC1_GetBufferValue             00008cf5   defined in Debug\stm8s_adc1.o section .text
_ADC1_GetConversionValue         00008c31   defined in Debug\stm8s_adc1.o section .text
                                            used in Debug\main.o
_ADC1_GetFlagStatus              00008d7e   defined in Debug\stm8s_adc1.o section .text
                                            used in Debug\main.o
_ADC1_GetITStatus                00008e33   defined in Debug\stm8s_adc1.o section .text
_ADC1_ITConfig                   00008b23   defined in Debug\stm8s_adc1.o section .text
_ADC1_Init                       00008ad1   defined in Debug\stm8s_adc1.o section .text
                                            used in Debug\main.o
_ADC1_PrescalerConfig            00008b3c   defined in Debug\stm8s_adc1.o section .text
_ADC1_ReadChannel                000089cd   defined in Debug\main.o section .text
_ADC1_ScanModeCmd                00008b07   defined in Debug\stm8s_adc1.o section .text
_ADC1_SchmittTriggerConfig       00008b4f   defined in Debug\stm8s_adc1.o section .text
_ADC1_SetHighThreshold           00008cdc   defined in Debug\stm8s_adc1.o section .text
_ADC1_SetLowThreshold            00008cea   defined in Debug\stm8s_adc1.o section .text
_ADC1_StartConversion            00008c2c   defined in Debug\stm8s_adc1.o section .text
                                            used in Debug\main.o
_ADC1_setup                      00008a83   defined in Debug\main.o section .text
_APR_Array                       ********   *** removed from Debug\stm8s_awu.o ***
_AWU_Cmd                         ********   *** removed from Debug\stm8s_awu.o ***
_AWU_DeInit                      ********   *** removed from Debug\stm8s_awu.o ***
_AWU_GetFlagStatus               ********   *** removed from Debug\stm8s_awu.o ***
_AWU_IdleModeEnable              ********   *** removed from Debug\stm8s_awu.o ***
_AWU_Init                        ********   *** removed from Debug\stm8s_awu.o ***
_AWU_LSICalibrationConfig        ********   *** removed from Debug\stm8s_awu.o ***
_BEEP_Cmd                        ********   *** removed from Debug\stm8s_beep.o ***
_BEEP_DeInit                     ********   *** removed from Debug\stm8s_beep.o ***
_BEEP_Init                       ********   *** removed from Debug\stm8s_beep.o ***
_BEEP_LSICalibrationConfig       ********   *** removed from Debug\stm8s_beep.o ***
_CLKPrescTable                   00008304   defined in Debug\stm8s_clk.o section .const
_CLK_AdjustHSICalibrationValue   000091ad   defined in Debug\stm8s_clk.o section .text
_CLK_CCOCmd                      00008f43   defined in Debug\stm8s_clk.o section .text
_CLK_CCOConfig                   000090a6   defined in Debug\stm8s_clk.o section .text
_CLK_ClearITPendingBit           00009248   defined in Debug\stm8s_clk.o section .text
_CLK_ClockSecuritySystemEnable   00009130   defined in Debug\stm8s_clk.o section .text
_CLK_ClockSwitchCmd              00008f51   defined in Debug\stm8s_clk.o section .text
                                            used in Debug\main.o
_CLK_ClockSwitchConfig           00008fd9   defined in Debug\stm8s_clk.o section .text
                                            used in Debug\main.o
_CLK_DeInit                      00008ed3   defined in Debug\stm8s_clk.o section .text
                                            used in Debug\main.o
_CLK_FastHaltWakeUpCmd           00008f0b   defined in Debug\stm8s_clk.o section .text
_CLK_GetClockFreq                00009139   defined in Debug\stm8s_clk.o section .text
                                            used in Debug\ssd1306.o
                                                    Debug\stm8s_uart1.o
_CLK_GetFlagStatus               000091bf   defined in Debug\stm8s_clk.o section .text
                                            used in Debug\main.o
_CLK_GetITStatus                 0000921c   defined in Debug\stm8s_clk.o section .text
_CLK_GetSYSCLKSource             00009135   defined in Debug\stm8s_clk.o section .text
_CLK_HSECmd                      00008f19   defined in Debug\stm8s_clk.o section .text
                                            used in Debug\main.o
_CLK_HSICmd                      00008f27   defined in Debug\stm8s_clk.o section .text
                                            used in Debug\main.o
_CLK_HSIPrescalerConfig          00009093   defined in Debug\stm8s_clk.o section .text
                                            used in Debug\main.o
_CLK_ITConfig                    000090bd   defined in Debug\stm8s_clk.o section .text
_CLK_LSICmd                      00008f35   defined in Debug\stm8s_clk.o section .text
                                            used in Debug\main.o
_CLK_PeripheralClockConfig       00008f6d   defined in Debug\stm8s_clk.o section .text
                                            used in Debug\main.o
_CLK_SWIMConfig                  00009122   defined in Debug\stm8s_clk.o section .text
_CLK_SYSCLKConfig                000090f5   defined in Debug\stm8s_clk.o section .text
                                            used in Debug\main.o
_CLK_SYSCLKEmergencyClear        000091ba   defined in Debug\stm8s_clk.o section .text
_CLK_SlowActiveHaltWakeUpCmd     00008f5f   defined in Debug\stm8s_clk.o section .text
_Draw_Pixel                      000086d0   defined in Debug\ssd1306.o section .text
_EXTI_DeInit                     ********   *** removed from Debug\stm8s_exti.o ***
_EXTI_GetExtIntSensitivity       ********   *** removed from Debug\stm8s_exti.o ***
_EXTI_GetTLISensitivity          ********   *** removed from Debug\stm8s_exti.o ***
_EXTI_SetExtIntSensitivity       ********   *** removed from Debug\stm8s_exti.o ***
_EXTI_SetTLISensitivity          ********   *** removed from Debug\stm8s_exti.o ***
_FLASH_DeInit                    ********   *** removed from Debug\stm8s_flash.o ***
_FLASH_EraseBlock                ********   *** removed from Debug\stm8s_flash.o ***
_FLASH_EraseByte                 ********   *** removed from Debug\stm8s_flash.o ***
_FLASH_EraseOptionByte           ********   *** removed from Debug\stm8s_flash.o ***
_FLASH_GetBootSize               ********   *** removed from Debug\stm8s_flash.o ***
_FLASH_GetFlagStatus             ********   *** removed from Debug\stm8s_flash.o ***
_FLASH_GetLowPowerMode           ********   *** removed from Debug\stm8s_flash.o ***
_FLASH_GetProgrammingTime        ********   *** removed from Debug\stm8s_flash.o ***
_FLASH_ITConfig                  ********   *** removed from Debug\stm8s_flash.o ***
_FLASH_Lock                      ********   *** removed from Debug\stm8s_flash.o ***
_FLASH_ProgramBlock              ********   *** removed from Debug\stm8s_flash.o ***
_FLASH_ProgramByte               ********   *** removed from Debug\stm8s_flash.o ***
_FLASH_ProgramOptionByte         ********   *** removed from Debug\stm8s_flash.o ***
_FLASH_ProgramWord               ********   *** removed from Debug\stm8s_flash.o ***
_FLASH_ReadByte                  ********   *** removed from Debug\stm8s_flash.o ***
_FLASH_ReadOptionByte            ********   *** removed from Debug\stm8s_flash.o ***
_FLASH_SetLowPowerMode           ********   *** removed from Debug\stm8s_flash.o ***
_FLASH_SetProgrammingTime        ********   *** removed from Debug\stm8s_flash.o ***
_FLASH_Unlock                    ********   *** removed from Debug\stm8s_flash.o ***
_FLASH_WaitForLastOperation      ********   *** removed from Debug\stm8s_flash.o ***
_Full_Water                      0000894f   defined in Debug\ssd1306.o section .text
                                            used in Debug\main.o
_GPIO_DeInit                     0000928b   defined in Debug\stm8s_gpio.o section .text
                                            used in Debug\main.o
_GPIO_ExternalPullUpConfig       00009325   defined in Debug\stm8s_gpio.o section .text
_GPIO_Init                       00009293   defined in Debug\stm8s_gpio.o section .text
                                            used in Debug\uart.o Debug\main.o
_GPIO_ReadInputData              0000931b   defined in Debug\stm8s_gpio.o section .text
_GPIO_ReadInputPin               0000931e   defined in Debug\stm8s_gpio.o section .text
_GPIO_ReadOutputData             00009319   defined in Debug\stm8s_gpio.o section .text
_GPIO_Write                      000092fb   defined in Debug\stm8s_gpio.o section .text
_GPIO_WriteHigh                  00009303   defined in Debug\stm8s_gpio.o section .text
_GPIO_WriteLow                   0000930a   defined in Debug\stm8s_gpio.o section .text
_GPIO_WriteReverse               00009312   defined in Debug\stm8s_gpio.o section .text
_GPIO_setup                      00008a55   defined in Debug\main.o section .text
_HSIDivFactor                    00008300   defined in Debug\stm8s_clk.o section .const
_I2C_AcknowledgeConfig           000094ec   defined in Debug\stm8s_i2c.o section .text
_I2C_CheckEvent                  0000954c   defined in Debug\stm8s_i2c.o section .text
                                            used in Debug\ssd1306.o
_I2C_ClearFlag                   0000960a   defined in Debug\stm8s_i2c.o section .text
_I2C_ClearITPendingBit           0000966b   defined in Debug\stm8s_i2c.o section .text
_I2C_Cmd                         00009498   defined in Debug\stm8s_i2c.o section .text
                                            used in Debug\ssd1306.o
_I2C_DeInit                      0000933d   defined in Debug\stm8s_i2c.o section .text
                                            used in Debug\ssd1306.o
_I2C_FastModeDutyCycleConfig     00009525   defined in Debug\stm8s_i2c.o section .text
_I2C_GeneralCallCmd              000094a6   defined in Debug\stm8s_i2c.o section .text
_I2C_GenerateSTART               000094b4   defined in Debug\stm8s_i2c.o section .text
                                            used in Debug\ssd1306.o
_I2C_GenerateSTOP                000094c2   defined in Debug\stm8s_i2c.o section .text
                                            used in Debug\ssd1306.o
_I2C_GetFlagStatus               000095d0   defined in Debug\stm8s_i2c.o section .text
                                            used in Debug\ssd1306.o
_I2C_GetITStatus                 0000961b   defined in Debug\stm8s_i2c.o section .text
_I2C_GetLastEvent                0000959d   defined in Debug\stm8s_i2c.o section .text
_I2C_ITConfig                    0000950c   defined in Debug\stm8s_i2c.o section .text
_I2C_Init                        00009362   defined in Debug\stm8s_i2c.o section .text
                                            used in Debug\ssd1306.o
_I2C_ReceiveData                 00009534   defined in Debug\stm8s_i2c.o section .text
_I2C_Send7bitAddress             00009538   defined in Debug\stm8s_i2c.o section .text
                                            used in Debug\ssd1306.o
_I2C_SendData                    00009548   defined in Debug\stm8s_i2c.o section .text
                                            used in Debug\ssd1306.o
_I2C_SoftwareResetCmd            000094d0   defined in Debug\stm8s_i2c.o section .text
_I2C_StretchClockCmd             000094de   defined in Debug\stm8s_i2c.o section .text
_I2C_setup                       0000836b   defined in Debug\ssd1306.o section .text
_ITC_DeInit                      ********   *** removed from Debug\stm8s_itc.o ***
_ITC_GetCPUCC                    ********   *** removed from Debug\stm8s_itc.o ***
_ITC_GetSoftIntStatus            ********   *** removed from Debug\stm8s_itc.o ***
_ITC_GetSoftwarePriority         ********   *** removed from Debug\stm8s_itc.o ***
_ITC_SetSoftwarePriority         ********   *** removed from Debug\stm8s_itc.o ***
_IWDG_Enable                     ********   *** removed from Debug\stm8s_iwdg.o ***
_IWDG_ReloadCounter              ********   *** removed from Debug\stm8s_iwdg.o ***
_IWDG_SetPrescaler               ********   *** removed from Debug\stm8s_iwdg.o ***
_IWDG_SetReload                  ********   *** removed from Debug\stm8s_iwdg.o ***
_IWDG_WriteAccessCmd             ********   *** removed from Debug\stm8s_iwdg.o ***
_Low_water                       0000893f   defined in Debug\ssd1306.o section .text
                                            used in Debug\main.o
_OLED_HW_setup                   00008397   defined in Debug\ssd1306.o section .text
_OLED_clear_buffer               0000858f   defined in Debug\ssd1306.o section .text
                                            used in Debug\main.o
_OLED_clear_screen               0000858a   defined in Debug\ssd1306.o section .text
                                            used in Debug\main.o
_OLED_clear_value_area           000088b5   defined in Debug\ssd1306.o section .text
                                            used in Debug\main.o
_OLED_fill                       000084b8   defined in Debug\ssd1306.o section .text
_OLED_gotoxy                     00008487   defined in Debug\ssd1306.o section .text
_OLED_init                       0000839a   defined in Debug\ssd1306.o section .text
                                            used in Debug\main.o
_OLED_print_2xChar               0000874d   defined in Debug\ssd1306.o section .text
_OLED_print_Image                00008515   defined in Debug\ssd1306.o section .text
_OLED_print_char                 000085a7   defined in Debug\ssd1306.o section .text
_OLED_print_int                  00008637   defined in Debug\ssd1306.o section .text
                                            used in Debug\main.o
_OLED_print_string               000085ed   defined in Debug\ssd1306.o section .text
_OLED_print_string_2x            0000886e   defined in Debug\ssd1306.o section .text
                                            used in Debug\main.o
_OLED_write                      0000843d   defined in Debug\ssd1306.o section .text
_RST_ClearFlag                   ********   *** removed from Debug\stm8s_rst.o ***
_RST_GetFlagStatus               ********   *** removed from Debug\stm8s_rst.o ***
_SPI_BiDirectionalLineConfig     ********   *** removed from Debug\stm8s_spi.o ***
_SPI_CalculateCRCCmd             ********   *** removed from Debug\stm8s_spi.o ***
_SPI_ClearFlag                   ********   *** removed from Debug\stm8s_spi.o ***
_SPI_ClearITPendingBit           ********   *** removed from Debug\stm8s_spi.o ***
_SPI_Cmd                         ********   *** removed from Debug\stm8s_spi.o ***
_SPI_DeInit                      ********   *** removed from Debug\stm8s_spi.o ***
_SPI_GetCRC                      ********   *** removed from Debug\stm8s_spi.o ***
_SPI_GetCRCPolynomial            ********   *** removed from Debug\stm8s_spi.o ***
_SPI_GetFlagStatus               ********   *** removed from Debug\stm8s_spi.o ***
_SPI_GetITStatus                 ********   *** removed from Debug\stm8s_spi.o ***
_SPI_ITConfig                    ********   *** removed from Debug\stm8s_spi.o ***
_SPI_Init                        ********   *** removed from Debug\stm8s_spi.o ***
_SPI_NSSInternalSoftwareCmd      ********   *** removed from Debug\stm8s_spi.o ***
_SPI_ReceiveData                 ********   *** removed from Debug\stm8s_spi.o ***
_SPI_ResetCRC                    ********   *** removed from Debug\stm8s_spi.o ***
_SPI_SendData                    ********   *** removed from Debug\stm8s_spi.o ***
_SPI_TransmitCRC                 ********   *** removed from Debug\stm8s_spi.o ***
_Serial_SendNumber               ********   *** removed from Debug\uart.o ***
_Serial_SendString               ********   *** removed from Debug\uart.o ***
_Serial_available                ********   *** removed from Debug\uart.o ***
_Serial_begin                    ********   *** removed from Debug\uart.o ***
_Serial_newline                  ********   *** removed from Debug\uart.o ***
_Serial_print_char               ********   *** removed from Debug\uart.o ***
_Serial_print_int                ********   *** removed from Debug\uart.o ***
_Serial_print_string             ********   *** removed from Debug\uart.o ***
_Serial_read_char                ********   *** removed from Debug\uart.o ***
_TBR_Array                       ********   *** removed from Debug\stm8s_awu.o ***
_TIM1_ARRPreloadConfig           ********   *** removed from Debug\stm8s_tim1.o ***
_TIM1_BDTRConfig                 ********   *** removed from Debug\stm8s_tim1.o ***
_TIM1_CCPreloadControl           ********   *** removed from Debug\stm8s_tim1.o ***
_TIM1_CCxCmd                     ********   *** removed from Debug\stm8s_tim1.o ***
_TIM1_CCxNCmd                    ********   *** removed from Debug\stm8s_tim1.o ***
_TIM1_ClearFlag                  ********   *** removed from Debug\stm8s_tim1.o ***
_TIM1_ClearITPendingBit          ********   *** removed from Debug\stm8s_tim1.o ***
_TIM1_Cmd                        ********   *** removed from Debug\stm8s_tim1.o ***
_TIM1_CounterModeConfig          ********   *** removed from Debug\stm8s_tim1.o ***
_TIM1_CtrlPWMOutputs             ********   *** removed from Debug\stm8s_tim1.o ***
_TIM1_DeInit                     ********   *** removed from Debug\stm8s_tim1.o ***
_TIM1_ETRClockMode1Config        ********   *** removed from Debug\stm8s_tim1.o ***
_TIM1_ETRClockMode2Config        ********   *** removed from Debug\stm8s_tim1.o ***
_TIM1_ETRConfig                  ********   *** removed from Debug\stm8s_tim1.o ***
_TIM1_EncoderInterfaceConfig     ********   *** removed from Debug\stm8s_tim1.o ***
_TIM1_ForcedOC1Config            ********   *** removed from Debug\stm8s_tim1.o ***
_TIM1_ForcedOC2Config            ********   *** removed from Debug\stm8s_tim1.o ***
_TIM1_ForcedOC3Config            ********   *** removed from Debug\stm8s_tim1.o ***
_TIM1_ForcedOC4Config            ********   *** removed from Debug\stm8s_tim1.o ***
_TIM1_GenerateEvent              ********   *** removed from Debug\stm8s_tim1.o ***
_TIM1_GetCapture1                ********   *** removed from Debug\stm8s_tim1.o ***
_TIM1_GetCapture2                ********   *** removed from Debug\stm8s_tim1.o ***
_TIM1_GetCapture3                ********   *** removed from Debug\stm8s_tim1.o ***
_TIM1_GetCapture4                ********   *** removed from Debug\stm8s_tim1.o ***
_TIM1_GetCounter                 ********   *** removed from Debug\stm8s_tim1.o ***
_TIM1_GetFlagStatus              ********   *** removed from Debug\stm8s_tim1.o ***
_TIM1_GetITStatus                ********   *** removed from Debug\stm8s_tim1.o ***
_TIM1_GetPrescaler               ********   *** removed from Debug\stm8s_tim1.o ***
_TIM1_ICInit                     ********   *** removed from Debug\stm8s_tim1.o ***
_TIM1_ITConfig                   ********   *** removed from Debug\stm8s_tim1.o ***
_TIM1_InternalClockConfig        ********   *** removed from Debug\stm8s_tim1.o ***
_TIM1_OC1FastConfig              ********   *** removed from Debug\stm8s_tim1.o ***
_TIM1_OC1Init                    ********   *** removed from Debug\stm8s_tim1.o ***
_TIM1_OC1NPolarityConfig         ********   *** removed from Debug\stm8s_tim1.o ***
_TIM1_OC1PolarityConfig          ********   *** removed from Debug\stm8s_tim1.o ***
_TIM1_OC1PreloadConfig           ********   *** removed from Debug\stm8s_tim1.o ***
_TIM1_OC2FastConfig              ********   *** removed from Debug\stm8s_tim1.o ***
_TIM1_OC2Init                    ********   *** removed from Debug\stm8s_tim1.o ***
_TIM1_OC2NPolarityConfig         ********   *** removed from Debug\stm8s_tim1.o ***
_TIM1_OC2PolarityConfig          ********   *** removed from Debug\stm8s_tim1.o ***
_TIM1_OC2PreloadConfig           ********   *** removed from Debug\stm8s_tim1.o ***
_TIM1_OC3FastConfig              ********   *** removed from Debug\stm8s_tim1.o ***
_TIM1_OC3Init                    ********   *** removed from Debug\stm8s_tim1.o ***
_TIM1_OC3NPolarityConfig         ********   *** removed from Debug\stm8s_tim1.o ***
_TIM1_OC3PolarityConfig          ********   *** removed from Debug\stm8s_tim1.o ***
_TIM1_OC3PreloadConfig           ********   *** removed from Debug\stm8s_tim1.o ***
_TIM1_OC4FastConfig              ********   *** removed from Debug\stm8s_tim1.o ***
_TIM1_OC4Init                    ********   *** removed from Debug\stm8s_tim1.o ***
_TIM1_OC4PolarityConfig          ********   *** removed from Debug\stm8s_tim1.o ***
_TIM1_OC4PreloadConfig           ********   *** removed from Debug\stm8s_tim1.o ***
_TIM1_PWMIConfig                 ********   *** removed from Debug\stm8s_tim1.o ***
_TIM1_PrescalerConfig            ********   *** removed from Debug\stm8s_tim1.o ***
_TIM1_SelectCOM                  ********   *** removed from Debug\stm8s_tim1.o ***
_TIM1_SelectHallSensor           ********   *** removed from Debug\stm8s_tim1.o ***
_TIM1_SelectInputTrigger         ********   *** removed from Debug\stm8s_tim1.o ***
_TIM1_SelectMasterSlaveMode      ********   *** removed from Debug\stm8s_tim1.o ***
_TIM1_SelectOCxM                 ********   *** removed from Debug\stm8s_tim1.o ***
_TIM1_SelectOnePulseMode         ********   *** removed from Debug\stm8s_tim1.o ***
_TIM1_SelectOutputTrigger        ********   *** removed from Debug\stm8s_tim1.o ***
_TIM1_SelectSlaveMode            ********   *** removed from Debug\stm8s_tim1.o ***
_TIM1_SetAutoreload              ********   *** removed from Debug\stm8s_tim1.o ***
_TIM1_SetCompare1                ********   *** removed from Debug\stm8s_tim1.o ***
_TIM1_SetCompare2                ********   *** removed from Debug\stm8s_tim1.o ***
_TIM1_SetCompare3                ********   *** removed from Debug\stm8s_tim1.o ***
_TIM1_SetCompare4                ********   *** removed from Debug\stm8s_tim1.o ***
_TIM1_SetCounter                 ********   *** removed from Debug\stm8s_tim1.o ***
_TIM1_SetIC1Prescaler            ********   *** removed from Debug\stm8s_tim1.o ***
_TIM1_SetIC2Prescaler            ********   *** removed from Debug\stm8s_tim1.o ***
_TIM1_SetIC3Prescaler            ********   *** removed from Debug\stm8s_tim1.o ***
_TIM1_SetIC4Prescaler            ********   *** removed from Debug\stm8s_tim1.o ***
_TIM1_TIxExternalClockConfig     ********   *** removed from Debug\stm8s_tim1.o ***
_TIM1_TimeBaseInit               ********   *** removed from Debug\stm8s_tim1.o ***
_TIM1_UpdateDisableConfig        ********   *** removed from Debug\stm8s_tim1.o ***
_TIM1_UpdateRequestConfig        ********   *** removed from Debug\stm8s_tim1.o ***
_TIM2_ARRPreloadConfig           ********   *** removed from Debug\stm8s_tim2.o ***
_TIM2_CCxCmd                     ********   *** removed from Debug\stm8s_tim2.o ***
_TIM2_ClearFlag                  ********   *** removed from Debug\stm8s_tim2.o ***
_TIM2_ClearITPendingBit          ********   *** removed from Debug\stm8s_tim2.o ***
_TIM2_Cmd                        ********   *** removed from Debug\stm8s_tim2.o ***
_TIM2_DeInit                     ********   *** removed from Debug\stm8s_tim2.o ***
_TIM2_ForcedOC1Config            ********   *** removed from Debug\stm8s_tim2.o ***
_TIM2_ForcedOC2Config            ********   *** removed from Debug\stm8s_tim2.o ***
_TIM2_ForcedOC3Config            ********   *** removed from Debug\stm8s_tim2.o ***
_TIM2_GenerateEvent              ********   *** removed from Debug\stm8s_tim2.o ***
_TIM2_GetCapture1                ********   *** removed from Debug\stm8s_tim2.o ***
_TIM2_GetCapture2                ********   *** removed from Debug\stm8s_tim2.o ***
_TIM2_GetCapture3                ********   *** removed from Debug\stm8s_tim2.o ***
_TIM2_GetCounter                 ********   *** removed from Debug\stm8s_tim2.o ***
_TIM2_GetFlagStatus              ********   *** removed from Debug\stm8s_tim2.o ***
_TIM2_GetITStatus                ********   *** removed from Debug\stm8s_tim2.o ***
_TIM2_GetPrescaler               ********   *** removed from Debug\stm8s_tim2.o ***
_TIM2_ICInit                     ********   *** removed from Debug\stm8s_tim2.o ***
_TIM2_ITConfig                   ********   *** removed from Debug\stm8s_tim2.o ***
_TIM2_OC1Init                    ********   *** removed from Debug\stm8s_tim2.o ***
_TIM2_OC1PolarityConfig          ********   *** removed from Debug\stm8s_tim2.o ***
_TIM2_OC1PreloadConfig           ********   *** removed from Debug\stm8s_tim2.o ***
_TIM2_OC2Init                    ********   *** removed from Debug\stm8s_tim2.o ***
_TIM2_OC2PolarityConfig          ********   *** removed from Debug\stm8s_tim2.o ***
_TIM2_OC2PreloadConfig           ********   *** removed from Debug\stm8s_tim2.o ***
_TIM2_OC3Init                    ********   *** removed from Debug\stm8s_tim2.o ***
_TIM2_OC3PolarityConfig          ********   *** removed from Debug\stm8s_tim2.o ***
_TIM2_OC3PreloadConfig           ********   *** removed from Debug\stm8s_tim2.o ***
_TIM2_PWMIConfig                 ********   *** removed from Debug\stm8s_tim2.o ***
_TIM2_PrescalerConfig            ********   *** removed from Debug\stm8s_tim2.o ***
_TIM2_SelectOCxM                 ********   *** removed from Debug\stm8s_tim2.o ***
_TIM2_SelectOnePulseMode         ********   *** removed from Debug\stm8s_tim2.o ***
_TIM2_SetAutoreload              ********   *** removed from Debug\stm8s_tim2.o ***
_TIM2_SetCompare1                ********   *** removed from Debug\stm8s_tim2.o ***
_TIM2_SetCompare2                ********   *** removed from Debug\stm8s_tim2.o ***
_TIM2_SetCompare3                ********   *** removed from Debug\stm8s_tim2.o ***
_TIM2_SetCounter                 ********   *** removed from Debug\stm8s_tim2.o ***
_TIM2_SetIC1Prescaler            ********   *** removed from Debug\stm8s_tim2.o ***
_TIM2_SetIC2Prescaler            ********   *** removed from Debug\stm8s_tim2.o ***
_TIM2_SetIC3Prescaler            ********   *** removed from Debug\stm8s_tim2.o ***
_TIM2_TimeBaseInit               ********   *** removed from Debug\stm8s_tim2.o ***
_TIM2_UpdateDisableConfig        ********   *** removed from Debug\stm8s_tim2.o ***
_TIM2_UpdateRequestConfig        ********   *** removed from Debug\stm8s_tim2.o ***
_TIM4_ARRPreloadConfig           ********   *** removed from Debug\stm8s_tim4.o ***
_TIM4_ClearFlag                  ********   *** removed from Debug\stm8s_tim4.o ***
_TIM4_ClearITPendingBit          ********   *** removed from Debug\stm8s_tim4.o ***
_TIM4_Cmd                        ********   *** removed from Debug\stm8s_tim4.o ***
_TIM4_DeInit                     ********   *** removed from Debug\stm8s_tim4.o ***
_TIM4_GenerateEvent              ********   *** removed from Debug\stm8s_tim4.o ***
_TIM4_GetCounter                 ********   *** removed from Debug\stm8s_tim4.o ***
_TIM4_GetFlagStatus              ********   *** removed from Debug\stm8s_tim4.o ***
_TIM4_GetITStatus                ********   *** removed from Debug\stm8s_tim4.o ***
_TIM4_GetPrescaler               ********   *** removed from Debug\stm8s_tim4.o ***
_TIM4_ITConfig                   ********   *** removed from Debug\stm8s_tim4.o ***
_TIM4_PrescalerConfig            ********   *** removed from Debug\stm8s_tim4.o ***
_TIM4_SelectOnePulseMode         ********   *** removed from Debug\stm8s_tim4.o ***
_TIM4_SetAutoreload              ********   *** removed from Debug\stm8s_tim4.o ***
_TIM4_SetCounter                 ********   *** removed from Debug\stm8s_tim4.o ***
_TIM4_TimeBaseInit               ********   *** removed from Debug\stm8s_tim4.o ***
_TIM4_UpdateDisableConfig        ********   *** removed from Debug\stm8s_tim4.o ***
_TIM4_UpdateRequestConfig        ********   *** removed from Debug\stm8s_tim4.o ***
_UART1_ClearFlag                 ********   *** removed from Debug\stm8s_uart1.o ***
_UART1_ClearITPendingBit         ********   *** removed from Debug\stm8s_uart1.o ***
_UART1_Cmd                       ********   *** removed from Debug\stm8s_uart1.o ***
_UART1_DeInit                    ********   *** removed from Debug\stm8s_uart1.o ***
_UART1_GetFlagStatus             ********   *** removed from Debug\stm8s_uart1.o ***
_UART1_GetITStatus               ********   *** removed from Debug\stm8s_uart1.o ***
_UART1_HalfDuplexCmd             ********   *** removed from Debug\stm8s_uart1.o ***
_UART1_ITConfig                  ********   *** removed from Debug\stm8s_uart1.o ***
_UART1_Init                      ********   *** removed from Debug\stm8s_uart1.o ***
_UART1_IrDACmd                   ********   *** removed from Debug\stm8s_uart1.o ***
_UART1_IrDAConfig                ********   *** removed from Debug\stm8s_uart1.o ***
_UART1_LINBreakDetectionConfig   ********   *** removed from Debug\stm8s_uart1.o ***
_UART1_LINCmd                    ********   *** removed from Debug\stm8s_uart1.o ***
_UART1_ReceiveData8              ********   *** removed from Debug\stm8s_uart1.o ***
_UART1_ReceiveData9              ********   *** removed from Debug\stm8s_uart1.o ***
_UART1_ReceiverWakeUpCmd         ********   *** removed from Debug\stm8s_uart1.o ***
_UART1_SendBreak                 ********   *** removed from Debug\stm8s_uart1.o ***
_UART1_SendData8                 ********   *** removed from Debug\stm8s_uart1.o ***
_UART1_SendData9                 ********   *** removed from Debug\stm8s_uart1.o ***
_UART1_SetAddress                ********   *** removed from Debug\stm8s_uart1.o ***
_UART1_SetGuardTime              ********   *** removed from Debug\stm8s_uart1.o ***
_UART1_SetPrescaler              ********   *** removed from Debug\stm8s_uart1.o ***
_UART1_SmartCardCmd              ********   *** removed from Debug\stm8s_uart1.o ***
_UART1_SmartCardNACKCmd          ********   *** removed from Debug\stm8s_uart1.o ***
_UART1_WakeUpConfig              ********   *** removed from Debug\stm8s_uart1.o ***
_WWDG_GetCounter                 ********   *** removed from Debug\stm8s_wwdg.o ***
_WWDG_Init                       ********   *** removed from Debug\stm8s_wwdg.o ***
_WWDG_SWReset                    ********   *** removed from Debug\stm8s_wwdg.o ***
_WWDG_SetCounter                 ********   *** removed from Debug\stm8s_wwdg.o ***
_WWDG_SetWindowValue             ********   *** removed from Debug\stm8s_wwdg.o ***
__endmem                         000001ff   defined in command file
                                            *** not used ***
__endzp                          0000008c   defined in command file section .ubsct
                                            used in D:\01_MCU\COSMIC\CXSTM8\Lib\crtsi0.sm8
__idesc__                        00008318   defined in linker section .init
                                            used in D:\01_MCU\COSMIC\CXSTM8\Lib\crtsi0.sm8
__memory                         00000100   defined in command file section .bss
                                            used in D:\01_MCU\COSMIC\CXSTM8\Lib\crtsi0.sm8
__stack                          000003ff   defined in command file
                                            used in D:\01_MCU\COSMIC\CXSTM8\Lib\crtsi0.sm8
__startmem                       00000100   defined in command file section .bss
                                            *** not used ***
__stext                          0000831b   defined in D:\01_MCU\COSMIC\CXSTM8\Lib\crtsi0.sm8 section .text
                                            used in Debug\stm8_interrupt_vector.o
__vectab                         00008000   defined in Debug\stm8_interrupt_vector.o section .const
_buffer                          00000002   defined in Debug\main.o section .ubsct
                                            used in Debug\ssd1306.o
_clear_rect_area                 00008912   defined in Debug\ssd1306.o section .text
_clock_setup                     000089f1   defined in Debug\main.o section .text
_delay_ms                        00009276   defined in Debug\stm8s_delay.o section .text
                                            used in Debug\ssd1306.o Debug\main.o
_delay_us                        00009257   defined in Debug\stm8s_delay.o section .text
_exit                            00008369   defined in D:\01_MCU\COSMIC\CXSTM8\Lib\crtsi0.sm8 section .text
_main                            0000895f   defined in Debug\main.o section .text
                                            used in D:\01_MCU\COSMIC\CXSTM8\Lib\crtsi0.sm8
_result                          00000000   defined in Debug\main.o section .ubsct
_water_Full                      000082a8   defined in Debug\ssd1306.o section .const
_water_Low                       000082c8   defined in Debug\ssd1306.o section .const
c_cmulx                          ********   *** removed from (D:\01_MCU\COSMIC\CXSTM8\Lib\libm0.sm8)cmulx.o ***
c_divsl                          000098aa   defined in (D:\01_MCU\COSMIC\CXSTM8\Lib\libm0.sm8)ldiv.o section .text
                                            *** not used ***
c_divul                          000098c1   defined in (D:\01_MCU\COSMIC\CXSTM8\Lib\libm0.sm8)ldiv.o section .text
                                            used in (D:\01_MCU\COSMIC\CXSTM8\Lib\libm0.sm8)ludiv.o
                                                    (D:\01_MCU\COSMIC\CXSTM8\Lib\libm0.sm8)lumod.o
c_fmul                           0000967c   defined in (D:\01_MCU\COSMIC\CXSTM8\Lib\libm0.sm8)fmul.o section .text
                                            used in Debug\stm8s_delay.o
c_ftoi                           00009751   defined in (D:\01_MCU\COSMIC\CXSTM8\Lib\libm0.sm8)ftol.o section .text
                                            used in Debug\stm8s_delay.o
c_ftol                           00009757   defined in (D:\01_MCU\COSMIC\CXSTM8\Lib\libm0.sm8)ftol.o section .text
c_imul                           ********   *** removed from (D:\01_MCU\COSMIC\CXSTM8\Lib\libm0.sm8)imul.o ***
c_ladc                           000097b3   defined in (D:\01_MCU\COSMIC\CXSTM8\Lib\libm0.sm8)ladc.o section .text
                                            used in Debug\ssd1306.o
c_ladd                           ********   *** removed from (D:\01_MCU\COSMIC\CXSTM8\Lib\libm0.sm8)ladd.o ***
c_lcmp                           000097c4   defined in (D:\01_MCU\COSMIC\CXSTM8\Lib\libm0.sm8)lcmp.o section .text
                                            used in Debug\stm8s_i2c.o
c_lgadd                          ********   *** removed from (D:\01_MCU\COSMIC\CXSTM8\Lib\libm0.sm8)lgadd.o ***
c_lgneg                          00009995   defined in (D:\01_MCU\COSMIC\CXSTM8\Lib\libm0.sm8)lgneg.o section .text
                                            used in (D:\01_MCU\COSMIC\CXSTM8\Lib\libm0.sm8)ldiv.o
c_llsh                           ********   *** removed from (D:\01_MCU\COSMIC\CXSTM8\Lib\libm0.sm8)llsh.o ***
c_lmul                           000097e4   defined in (D:\01_MCU\COSMIC\CXSTM8\Lib\libm0.sm8)lmul.o section .text
                                            used in Debug\stm8s_i2c.o
c_lmulc                          000097ec   defined in (D:\01_MCU\COSMIC\CXSTM8\Lib\libm0.sm8)lmul.o section .text
                                            *** not used ***
c_lneg                           0000986f   defined in (D:\01_MCU\COSMIC\CXSTM8\Lib\libm0.sm8)lneg.o section .text
                                            used in Debug\ssd1306.o
                                                    (D:\01_MCU\COSMIC\CXSTM8\Lib\libm0.sm8)ldiv.o
c_lreg                           00000082   defined in (D:\01_MCU\COSMIC\CXSTM8\Lib\libm0.sm8)lreg.o section .ubsct
                                            used in Debug\ssd1306.o
                                                    Debug\stm8s_awu.o
                                                    Debug\stm8s_beep.o
                                                    Debug\stm8s_clk.o
                                                    Debug\stm8s_flash.o
                                                    Debug\stm8s_i2c.o
                                                    Debug\stm8s_uart1.o
                                                    (D:\01_MCU\COSMIC\CXSTM8\Lib\libm0.sm8)cmulx.o
                                                    (D:\01_MCU\COSMIC\CXSTM8\Lib\libm0.sm8)fmul.o
                                                    (D:\01_MCU\COSMIC\CXSTM8\Lib\libm0.sm8)ftol.o
                                                    (D:\01_MCU\COSMIC\CXSTM8\Lib\libm0.sm8)ladc.o
                                                    (D:\01_MCU\COSMIC\CXSTM8\Lib\libm0.sm8)ladd.o
                                                    (D:\01_MCU\COSMIC\CXSTM8\Lib\libm0.sm8)lcmp.o
                                                    (D:\01_MCU\COSMIC\CXSTM8\Lib\libm0.sm8)lgadd.o
                                                    (D:\01_MCU\COSMIC\CXSTM8\Lib\libm0.sm8)llsh.o
                                                    (D:\01_MCU\COSMIC\CXSTM8\Lib\libm0.sm8)lmul.o
                                                    (D:\01_MCU\COSMIC\CXSTM8\Lib\libm0.sm8)lneg.o
                                                    (D:\01_MCU\COSMIC\CXSTM8\Lib\libm0.sm8)lsub.o
                                                    (D:\01_MCU\COSMIC\CXSTM8\Lib\libm0.sm8)ltor.o
                                                    (D:\01_MCU\COSMIC\CXSTM8\Lib\libm0.sm8)ldiv.o
                                                    (D:\01_MCU\COSMIC\CXSTM8\Lib\libm0.sm8)lumod.o
                                                    (D:\01_MCU\COSMIC\CXSTM8\Lib\libm0.sm8)lursh.o
                                                    (D:\01_MCU\COSMIC\CXSTM8\Lib\libm0.sm8)rtol.o
                                                    (D:\01_MCU\COSMIC\CXSTM8\Lib\libm0.sm8)smul.o
                                                    (D:\01_MCU\COSMIC\CXSTM8\Lib\libm0.sm8)uitof.o
                                                    (D:\01_MCU\COSMIC\CXSTM8\Lib\libm0.sm8)umul.o
c_lsub                           ********   *** removed from (D:\01_MCU\COSMIC\CXSTM8\Lib\libm0.sm8)lsub.o ***
c_ltor                           00009884   defined in (D:\01_MCU\COSMIC\CXSTM8\Lib\libm0.sm8)ltor.o section .text
                                            used in Debug\ssd1306.o
                                                    Debug\stm8s_awu.o
                                                    Debug\stm8s_beep.o
                                                    Debug\stm8s_clk.o
                                                    Debug\stm8s_flash.o
                                                    Debug\stm8s_i2c.o
                                                    Debug\stm8s_uart1.o
c_ludv                           00009896   defined in (D:\01_MCU\COSMIC\CXSTM8\Lib\libm0.sm8)ludiv.o section .text
                                            used in Debug\ssd1306.o
                                                    Debug\stm8s_awu.o
                                                    Debug\stm8s_beep.o
                                                    Debug\stm8s_clk.o
                                                    Debug\stm8s_i2c.o
                                                    Debug\stm8s_uart1.o
c_lumd                           000099a8   defined in (D:\01_MCU\COSMIC\CXSTM8\Lib\libm0.sm8)lumod.o section .text
                                            used in Debug\ssd1306.o
c_lursh                          000099c2   defined in (D:\01_MCU\COSMIC\CXSTM8\Lib\libm0.sm8)lursh.o section .text
                                            used in Debug\main.o
c_lzmp                           000099d1   defined in (D:\01_MCU\COSMIC\CXSTM8\Lib\libm0.sm8)lzmp.o section .text
                                            used in Debug\ssd1306.o
c_okmul                          0000968a   defined in (D:\01_MCU\COSMIC\CXSTM8\Lib\libm0.sm8)fmul.o section .text
                                            *** not used ***
c_rtol                           000099e4   defined in (D:\01_MCU\COSMIC\CXSTM8\Lib\libm0.sm8)rtol.o section .text
                                            used in Debug\ssd1306.o Debug\main.o
                                                    Debug\stm8s_clk.o
                                                    Debug\stm8s_flash.o
                                                    Debug\stm8s_i2c.o
                                                    Debug\stm8s_uart1.o
c_sdivx                          000099fc   defined in (D:\01_MCU\COSMIC\CXSTM8\Lib\libm0.sm8)sdivx.o section .text
                                            used in Debug\uart.o
                                                    Debug\stm8s_i2c.o
c_sdivy                          ********   *** removed from (D:\01_MCU\COSMIC\CXSTM8\Lib\libm0.sm8)sdivy.o ***
c_smodx                          000099f6   defined in (D:\01_MCU\COSMIC\CXSTM8\Lib\libm0.sm8)sdivx.o section .text
                                            *** not used ***
c_smody                          ********   *** removed from (D:\01_MCU\COSMIC\CXSTM8\Lib\libm0.sm8)sdivy.o ***
c_smul                           00009a21   defined in (D:\01_MCU\COSMIC\CXSTM8\Lib\libm0.sm8)smul.o section .text
                                            used in Debug\stm8s_i2c.o
                                                    Debug\stm8s_uart1.o
c_uitof                          00009a60   defined in (D:\01_MCU\COSMIC\CXSTM8\Lib\libm0.sm8)uitof.o section .text
                                            used in Debug\stm8s_delay.o
c_umul                           00009a84   defined in (D:\01_MCU\COSMIC\CXSTM8\Lib\libm0.sm8)umul.o section .text
                                            used in Debug\main.o
                                                    Debug\stm8s_flash.o
c_x                              00000086   defined in (D:\01_MCU\COSMIC\CXSTM8\Lib\libm0.sm8)xreg.o section .ubsct
                                            used in D:\01_MCU\COSMIC\CXSTM8\Lib\crtsi0.sm8
                                                    Debug\ssd1306.o
                                                    Debug\stm8s_awu.o
                                                    Debug\stm8s_beep.o
                                                    (D:\01_MCU\COSMIC\CXSTM8\Lib\libm0.sm8)fmul.o
                                                    (D:\01_MCU\COSMIC\CXSTM8\Lib\libm0.sm8)imul.o
                                                    (D:\01_MCU\COSMIC\CXSTM8\Lib\libm0.sm8)lmul.o
                                                    (D:\01_MCU\COSMIC\CXSTM8\Lib\libm0.sm8)ldiv.o
                                                    (D:\01_MCU\COSMIC\CXSTM8\Lib\libm0.sm8)sdivx.o
                                                    (D:\01_MCU\COSMIC\CXSTM8\Lib\libm0.sm8)umul.o
                                                    (D:\01_MCU\COSMIC\CXSTM8\Lib\libm0.sm8)xymov.o
c_xymov                          00009ac0   defined in (D:\01_MCU\COSMIC\CXSTM8\Lib\libm0.sm8)xymov.o section .text
                                            used in Debug\uart.o Debug\ssd1306.o
c_y                              00000089   defined in (D:\01_MCU\COSMIC\CXSTM8\Lib\libm0.sm8)yreg.o section .ubsct
                                            used in D:\01_MCU\COSMIC\CXSTM8\Lib\crtsi0.sm8
                                                    (D:\01_MCU\COSMIC\CXSTM8\Lib\libm0.sm8)sdivy.o
                                                    (D:\01_MCU\COSMIC\CXSTM8\Lib\libm0.sm8)umul.o
f_NonHandledInterrupt            00009aff   defined in Debug\stm8_interrupt_vector.o section .text
