
Map of Debug\OLCD_128X32.sm8 from link file Debug\OLCD_128X32.lkf - Tue Nov  4 10:16:24 2025


                               --------
                               Segments
                               --------

start 00008080 end 000083af length   815 segment .const
start 000083b2 end 00009cc1 length  6415 segment .text
start 00004000 end 00004000 length     0 segment .eeprom
start 00000000 end 00000000 length     0 segment .bsct
start 00000000 end 0000008c length   140 segment .ubsct
start 0000008c end 0000008c length     0 segment .bit
start 0000008c end 0000008c length     0 segment .share
start 00000100 end 00000100 length     0 segment .data
start 00000100 end 00000100 length     0 segment .bss
start 00000000 end 00000f63 length  3939 segment .info.
start 00000000 end 00011efc length 73468 segment .debug
start 00008000 end 00008080 length   128 segment .const
start 000083af end 000083b2 length     3 segment .init


                               -------
                               Modules
                               -------

D:\01_MCU\COSMIC\CXSTM8\Lib\crtsi0.sm8:
start 000083b2 end 00008402 length    80 section .text
start 00000100 end 00000100 length     0 section .bss
start 00000000 end 00000000 length     0 section .ubsct
start 00000000 end 00000034 length    52 section .info.

Debug\uart.o:
start ******** end ******** length     0 section .text *** removed ***
start 00000000 end 00000451 length  1105 section .debug
start 00000034 end 0000009e length   106 section .info.
start ******** end ******** length     0 section .const *** removed ***

Debug\ssd1306.o:
start 00008402 end 00008b23 length  1825 section .text
start 00000451 end 000012ea length  3737 section .debug
start 0000009e end 0000010b length   109 section .info.
start 00008080 end 00008397 length   791 section .const

Debug\main.o:
start 00008b23 end 00008c61 length   318 section .text
start ******** end ******** length     0 section .bsct *** removed ***
start 00000000 end 00000082 length   130 section .ubsct
start 000012ea end 0000159b length   689 section .debug
start 0000010b end 00000175 length   106 section .info.

Debug\stm8s_adc1.o:
start 00008c61 end 00009094 length  1075 section .text
start 0000159b end 00002b8c length  5617 section .debug
start 00000175 end 000001e5 length   112 section .info.

Debug\stm8s_awu.o:
start ******** end ******** length     0 section .text *** removed ***
start 00002b8c end 0000314b length  1471 section .debug
start 000001e5 end 00000254 length   111 section .info.
start ******** end ******** length     0 section .const *** removed ***

Debug\stm8s_beep.o:
start ******** end ******** length     0 section .text *** removed ***
start 0000314b end 00003426 length   731 section .debug
start 00000254 end 000002c4 length   112 section .info.
start ******** end ******** length     0 section .const *** removed ***

Debug\stm8s_clk.o:
start 00009094 end 00009418 length   900 section .text
start 00003426 end 00004a95 length  5743 section .debug
start 000002c4 end 00000333 length   111 section .info.
start 00008397 end 000083a3 length    12 section .const

Debug\stm8s_delay.o:
start 00009418 end 0000944c length    52 section .text
start 00004a95 end 00004be1 length   332 section .debug
start 00000333 end 000003a4 length   113 section .info.
start 000083a3 end 000083a7 length     4 section .const

Debug\stm8s_exti.o:
start ******** end ******** length     0 section .text *** removed ***
start 00004be1 end 00005070 length  1167 section .debug
start 000003a4 end 00000414 length   112 section .info.

Debug\stm8s_flash.o:
start ******** end ******** length     0 section .text *** removed ***
start 00005070 end 00005e4f length  3551 section .debug
start 00000414 end 00000485 length   113 section .info.

Debug\stm8s_gpio.o:
start 0000944c end 000094fe length   178 section .text
start 00005e4f end 00006859 length  2570 section .debug
start 00000485 end 000004f5 length   112 section .info.

Debug\stm8s_i2c.o:
start 000094fe end 0000983d length   831 section .text
start 00006859 end 00007dfa length  5537 section .debug
start 000004f5 end 00000564 length   111 section .info.
start 000083a7 end 000083af length     8 section .const

Debug\stm8s_itc.o:
start ******** end ******** length     0 section .text *** removed ***
start 00007dfa end 000083fd length  1539 section .debug
start 00000564 end 000005d3 length   111 section .info.
start ******** end ******** length     0 section .const *** removed ***

Debug\stm8s_iwdg.o:
start ******** end ******** length     0 section .text *** removed ***
start 000083fd end 0000879f length   930 section .debug
start 000005d3 end 00000643 length   112 section .info.

Debug\stm8s_rst.o:
start ******** end ******** length     0 section .text *** removed ***
start 0000879f end 000089ce length   559 section .debug
start 00000643 end 000006b2 length   111 section .info.

Debug\stm8s_spi.o:
start ******** end ******** length     0 section .text *** removed ***
start 000089ce end 0000990a length  3900 section .debug
start 000006b2 end 00000721 length   111 section .info.

Debug\stm8s_tim1.o:
start ******** end ******** length     0 section .text *** removed ***
start 0000990a end 0000d894 length 16266 section .debug
start 00000721 end 00000791 length   112 section .info.

Debug\stm8s_tim2.o:
start ******** end ******** length     0 section .text *** removed ***
start 0000d894 end 0000fba8 length  8980 section .debug
start 00000791 end 00000801 length   112 section .info.

Debug\stm8s_tim4.o:
start ******** end ******** length     0 section .text *** removed ***
start 0000fba8 end 0001075f length  2999 section .debug
start 00000801 end 00000871 length   112 section .info.

Debug\stm8s_uart1.o:
start ******** end ******** length     0 section .text *** removed ***
start 0001075f end 00011b4b length  5100 section .debug
start 00000871 end 000008e2 length   113 section .info.
start ******** end ******** length     0 section .const *** removed ***

Debug\stm8s_wwdg.o:
start ******** end ******** length     0 section .text *** removed ***
start 00011b4b end 00011d91 length   582 section .debug
start 000008e2 end 00000952 length   112 section .info.

(D:\01_MCU\COSMIC\CXSTM8\Lib\libm0.sm8)cmulx.o:
start ******** end ******** length     0 section .text *** removed ***
start 00000952 end 00000982 length    48 section .info.

(D:\01_MCU\COSMIC\CXSTM8\Lib\libm0.sm8)fmul.o:
start 0000983d end 00009912 length   213 section .text
start 00000982 end 000009b1 length    47 section .info.

(D:\01_MCU\COSMIC\CXSTM8\Lib\libm0.sm8)ftol.o:
start 00009912 end 00009974 length    98 section .text
start 000009b1 end 000009e0 length    47 section .info.

(D:\01_MCU\COSMIC\CXSTM8\Lib\libm0.sm8)imul.o:
start ******** end ******** length     0 section .text *** removed ***
start 000009e0 end 00000a0f length    47 section .info.

(D:\01_MCU\COSMIC\CXSTM8\Lib\libm0.sm8)ladc.o:
start 00009974 end 00009985 length    17 section .text
start 00000a0f end 00000a3e length    47 section .info.

(D:\01_MCU\COSMIC\CXSTM8\Lib\libm0.sm8)ladd.o:
start ******** end ******** length     0 section .text *** removed ***
start 00000a3e end 00000a6d length    47 section .info.

(D:\01_MCU\COSMIC\CXSTM8\Lib\libm0.sm8)lcmp.o:
start 00009985 end 000099a5 length    32 section .text
start 00000a6d end 00000a9c length    47 section .info.

(D:\01_MCU\COSMIC\CXSTM8\Lib\libm0.sm8)lgadd.o:
start ******** end ******** length     0 section .text *** removed ***
start 00000a9c end 00000acc length    48 section .info.

(D:\01_MCU\COSMIC\CXSTM8\Lib\libm0.sm8)llsh.o:
start ******** end ******** length     0 section .text *** removed ***
start 00000acc end 00000afb length    47 section .info.

(D:\01_MCU\COSMIC\CXSTM8\Lib\libm0.sm8)lmul.o:
start 000099a5 end 00009a30 length   139 section .text
start 00000afb end 00000b2a length    47 section .info.

(D:\01_MCU\COSMIC\CXSTM8\Lib\libm0.sm8)lneg.o:
start 00009a30 end 00009a45 length    21 section .text
start 00000b2a end 00000b59 length    47 section .info.

(D:\01_MCU\COSMIC\CXSTM8\Lib\libm0.sm8)lreg.o:
start 00000082 end 00000086 length     4 section .ubsct
start 00000b59 end 00000b88 length    47 section .info.

(D:\01_MCU\COSMIC\CXSTM8\Lib\libm0.sm8)lsub.o:
start ******** end ******** length     0 section .text *** removed ***
start 00000b88 end 00000bb7 length    47 section .info.

(D:\01_MCU\COSMIC\CXSTM8\Lib\libm0.sm8)ltor.o:
start 00009a45 end 00009a57 length    18 section .text
start 00000bb7 end 00000be6 length    47 section .info.

(D:\01_MCU\COSMIC\CXSTM8\Lib\libm0.sm8)ludiv.o:
start 00009a57 end 00009a6b length    20 section .text
start 00000be6 end 00000c16 length    48 section .info.

(D:\01_MCU\COSMIC\CXSTM8\Lib\libm0.sm8)ldiv.o:
start 00009a6b end 00009b56 length   235 section .text
start 00000c16 end 00000c45 length    47 section .info.

(D:\01_MCU\COSMIC\CXSTM8\Lib\libm0.sm8)lgneg.o:
start 00009b56 end 00009b69 length    19 section .text
start 00000c45 end 00000c75 length    48 section .info.

(D:\01_MCU\COSMIC\CXSTM8\Lib\libm0.sm8)lumod.o:
start 00009b69 end 00009b83 length    26 section .text
start 00000c75 end 00000ca5 length    48 section .info.

(D:\01_MCU\COSMIC\CXSTM8\Lib\libm0.sm8)lursh.o:
start 00009b83 end 00009b92 length    15 section .text
start 00000ca5 end 00000cd5 length    48 section .info.

(D:\01_MCU\COSMIC\CXSTM8\Lib\libm0.sm8)lzmp.o:
start 00009b92 end 00009ba5 length    19 section .text
start 00000cd5 end 00000d04 length    47 section .info.

(D:\01_MCU\COSMIC\CXSTM8\Lib\libm0.sm8)rtol.o:
start 00009ba5 end 00009bb7 length    18 section .text
start 00000d04 end 00000d33 length    47 section .info.

(D:\01_MCU\COSMIC\CXSTM8\Lib\libm0.sm8)sdivx.o:
start 00009bb7 end 00009be2 length    43 section .text
start 00000d33 end 00000d63 length    48 section .info.

(D:\01_MCU\COSMIC\CXSTM8\Lib\libm0.sm8)sdivy.o:
start ******** end ******** length     0 section .text *** removed ***
start 00000d63 end 00000d93 length    48 section .info.

(D:\01_MCU\COSMIC\CXSTM8\Lib\libm0.sm8)smul.o:
start 00009be2 end 00009c21 length    63 section .text
start 00000d93 end 00000dc2 length    47 section .info.

(D:\01_MCU\COSMIC\CXSTM8\Lib\libm0.sm8)uitof.o:
start 00009c21 end 00009c45 length    36 section .text
start 00000dc2 end 00000df2 length    48 section .info.

(D:\01_MCU\COSMIC\CXSTM8\Lib\libm0.sm8)umul.o:
start 00009c45 end 00009c81 length    60 section .text
start 00000df2 end 00000e21 length    47 section .info.

(D:\01_MCU\COSMIC\CXSTM8\Lib\libm0.sm8)xreg.o:
start 00000086 end 00000089 length     3 section .ubsct
start 00000e21 end 00000e50 length    47 section .info.

(D:\01_MCU\COSMIC\CXSTM8\Lib\libm0.sm8)xymov.o:
start 00009c81 end 00009cc0 length    63 section .text
start 00000e50 end 00000e80 length    48 section .info.

(D:\01_MCU\COSMIC\CXSTM8\Lib\libm0.sm8)yreg.o:
start 00000089 end 0000008c length     3 section .ubsct
start 00000e80 end 00000eaf length    47 section .info.

Debug\stm8_interrupt_vector.o:
start 00009cc0 end 00009cc1 length     1 section .text
start 00011d91 end 00011efc length   363 section .debug
start 00000eaf end 00000f2a length   123 section .info.
start 00008000 end 00008080 length   128 section .const


                             -----------
                             Stack usage
                             -----------

Debug\main.o:
_ADC1_ReadChannel                   10   (3)
_ADC1_setup                         17   (2)
_GPIO_setup                          8   (2)
_clock_setup                        12   (2)
_main                           >   70   (9)

Debug\ssd1306.o:
_Draw_Pixel                         26   (8)
_Full_Water                         27   (2)
_Full_Water_position            >   29   (2)
_I2C_setup                          37   (2)
_Low_water                          27   (2)
_Moisturn_Full_D1                   29   (2)
_OLED_HW_setup                      39   (2)
_OLED_clear_buffer                   4   (4)
_OLED_clear_screen                  25   (2)
_OLED_clear_value_area          >   22   (4)
_OLED_fill                          23   (5)
_OLED_gotoxy                        18   (4)
_OLED_init                          41   (2)
_OLED_print_2xChar                  33   (15)
_OLED_print_Image                   25   (7)
_OLED_print_Image_2page             27   (9)
_OLED_print_Image_4page             27   (9)
_OLED_print_char                    25   (7)
_OLED_print_int                     61   (22)
_OLED_print_string                  31   (6)
_OLED_print_string_2x               39   (6)
_OLED_write                         14   (4)
_clear_rect_area                >   34   (8)

Debug\stm8_interrupt_vector.o:
f_NonHandledInterrupt           >    6   (6)

Debug\stm8s_adc1.o:
_ADC1_AWDChannelConfig          >    4   (4)
_ADC1_ClearFlag                      4   (4)
_ADC1_ClearITPendingBit         >    5   (5)
_ADC1_Cmd                            2   (2)
_ADC1_ConversionConfig               5   (5)
_ADC1_DataBufferCmd             >    2   (2)
_ADC1_DeInit                         2   (2)
_ADC1_ExternalTriggerConfig          4   (4)
_ADC1_GetAWDChannelStatus       >    4   (4)
_ADC1_GetBufferValue            >    8   (8)
_ADC1_GetConversionValue             7   (7)
_ADC1_GetFlagStatus                  4   (4)
_ADC1_GetITStatus               >    5   (5)
_ADC1_ITConfig                  >    5   (5)
_ADC1_Init                          15   (10)
_ADC1_PrescalerConfig                3   (3)
_ADC1_ScanModeCmd               >    2   (2)
_ADC1_SchmittTriggerConfig           4   (4)
_ADC1_SetHighThreshold          >    4   (4)
_ADC1_SetLowThreshold           >    2   (2)
_ADC1_StartConversion                2   (2)

Debug\stm8s_clk.o:
_CLK_AdjustHSICalibrationValue  >    3   (3)
_CLK_CCOCmd                     >    2   (2)
_CLK_CCOConfig                  >    3   (3)
_CLK_ClearITPendingBit          >    2   (2)
_CLK_ClockSecuritySystemEnable  >    2   (2)
_CLK_ClockSwitchCmd                  2   (2)
_CLK_ClockSwitchConfig              10   (10)
_CLK_DeInit                          2   (2)
_CLK_FastHaltWakeUpCmd          >    2   (2)
_CLK_GetClockFreq                   25   (11)
_CLK_GetFlagStatus                   7   (7)
_CLK_GetITStatus                >    4   (4)
_CLK_GetSYSCLKSource            >    2   (2)
_CLK_HSECmd                          2   (2)
_CLK_HSICmd                          2   (2)
_CLK_HSIPrescalerConfig              3   (3)
_CLK_ITConfig                   >    4   (4)
_CLK_LSICmd                          2   (2)
_CLK_PeripheralClockConfig           4   (4)
_CLK_SWIMConfig                 >    2   (2)
_CLK_SYSCLKConfig                    3   (3)
_CLK_SYSCLKEmergencyClear       >    2   (2)
_CLK_SlowActiveHaltWakeUpCmd    >    2   (2)

Debug\stm8s_delay.o:
_delay_ms                           14   (4)
_delay_us                           10   (4)

Debug\stm8s_gpio.o:
_GPIO_DeInit                         2   (2)
_GPIO_ExternalPullUpConfig      >    6   (6)
_GPIO_Init                           6   (6)
_GPIO_ReadInputData             >    2   (2)
_GPIO_ReadInputPin              >    5   (5)
_GPIO_ReadOutputData            >    2   (2)
_GPIO_Write                     >    5   (5)
_GPIO_WriteHigh                 >    5   (5)
_GPIO_WriteLow                  >    5   (5)
_GPIO_WriteReverse              >    5   (5)

Debug\stm8s_i2c.o:
_I2C_AcknowledgeConfig               3   (3)
_I2C_CheckEvent                     10   (10)
_I2C_ClearFlag                  >    4   (4)
_I2C_ClearITPendingBit          >    4   (4)
_I2C_Cmd                             2   (2)
_I2C_DeInit                          2   (2)
_I2C_FastModeDutyCycleConfig    >    2   (2)
_I2C_GeneralCallCmd             >    2   (2)
_I2C_GenerateSTART                   2   (2)
_I2C_GenerateSTOP                    2   (2)
_I2C_GetFlagStatus                   6   (6)
_I2C_GetITStatus                >    8   (8)
_I2C_GetLastEvent               >    8   (8)
_I2C_ITConfig                   >    4   (4)
_I2C_Init                           35   (21)
_I2C_ReceiveData                >    2   (2)
_I2C_Send7bitAddress                 4   (4)
_I2C_SendData                        2   (2)
_I2C_SoftwareResetCmd           >    2   (2)
_I2C_StretchClockCmd            >    2   (2)

Stack size: 76


                              ---------
                              Call tree
                              ---------
   1 > _ADC1_AWDChannelConfig: (4)

   2 > _ADC1_ClearITPendingBit: (5)

   3 > _ADC1_DataBufferCmd: (2)

   4 > _ADC1_GetAWDChannelStatus: (4)

   5 > _ADC1_GetBufferValue: (8)

   6 > _ADC1_GetITStatus: (5)

   7 > _ADC1_ITConfig: (5)

   8 > _ADC1_ScanModeCmd: (2)

   9 > _ADC1_SetHighThreshold: (4)

  10 > _ADC1_SetLowThreshold: (2)

  11 > _CLK_AdjustHSICalibrationValue: (3)

  12 > _CLK_CCOCmd: (2)

  13 > _CLK_CCOConfig: (3)

  14 > _CLK_ClearITPendingBit: (2)

  15 > _CLK_ClockSecuritySystemEnable: (2)

  16 > _CLK_FastHaltWakeUpCmd: (2)

  17 > _CLK_GetITStatus: (4)

  18 > _CLK_GetSYSCLKSource: (2)

  19 > _CLK_ITConfig: (4)

  20 > _CLK_SWIMConfig: (2)

  21 > _CLK_SYSCLKEmergencyClear: (2)

  22 > _CLK_SlowActiveHaltWakeUpCmd: (2)

  23 > _Full_Water_position: (2)
  24      + _OLED_print_Image_2page: (9)
  25      |    + _I2C_CheckEvent: (10)
  26      |    + _I2C_GenerateSTART: (2)
  27      |    + _I2C_GenerateSTOP: (2)
  28      |    + _I2C_Send7bitAddress: (4)
  29      |    + _I2C_SendData: (2)
  30      |    + _OLED_gotoxy: (4)
  31      |    |    + _OLED_write: (4)
  32      |    |    |    + _I2C_CheckEvent --> 25
  33      |    |    |    + _I2C_GenerateSTART --> 26
  34      |    |    |    + _I2C_GenerateSTOP --> 27
  35      |    |    |    + _I2C_GetFlagStatus: (6)
  36      |    |    |    + _I2C_Send7bitAddress --> 28
  37      |    |    |    + _I2C_SendData --> 29
          |    |    | 
          |    | 
          | 
       
  38 > _GPIO_ExternalPullUpConfig: (6)

  39 > _GPIO_ReadInputData: (2)

  40 > _GPIO_ReadInputPin: (5)

  41 > _GPIO_ReadOutputData: (2)

  42 > _GPIO_Write: (5)

  43 > _GPIO_WriteHigh: (5)

  44 > _GPIO_WriteLow: (5)

  45 > _GPIO_WriteReverse: (5)

  46 > _I2C_ClearFlag: (4)

  47 > _I2C_ClearITPendingBit: (4)

  48 > _I2C_FastModeDutyCycleConfig: (2)

  49 > _I2C_GeneralCallCmd: (2)

  50 > _I2C_GetITStatus: (8)

  51 > _I2C_GetLastEvent: (8)

  52 > _I2C_ITConfig: (4)

  53 > _I2C_ReceiveData: (2)

  54 > _I2C_SoftwareResetCmd: (2)

  55 > _I2C_StretchClockCmd: (2)

  56 > _OLED_clear_value_area: (4)
  57      + _I2C_CheckEvent --> 25
  58      + _I2C_GenerateSTART --> 26
  59      + _I2C_GenerateSTOP --> 27
  60      + _I2C_Send7bitAddress --> 28
  61      + _I2C_SendData --> 29
  62      + _OLED_gotoxy --> 30
       
  63 > __stext: (0)

  64 > _clear_rect_area: (8)
  65      + _Draw_Pixel: (8)
  66      |    + _OLED_gotoxy --> 30
  67      |    + _OLED_write --> 31
          | 
       
  68 > _main: (9)
  69      + _ADC1_ReadChannel: (3)
  70      |    + _ADC1_ClearFlag: (4)
  71      |    + _ADC1_ConversionConfig: (5)
  72      |    + _ADC1_GetConversionValue: (7)
  73      |    + _ADC1_GetFlagStatus: (4)
  74      |    + _ADC1_StartConversion: (2)
          | 
  75      + _ADC1_setup: (2)
  76      |    + _ADC1_Cmd: (2)
  77      |    + _ADC1_DeInit: (2)
  78      |    + _ADC1_Init: (10)
  79      |    |    + _ADC1_ConversionConfig --> 71
  80      |    |    + _ADC1_ExternalTriggerConfig: (4)
  81      |    |    + _ADC1_PrescalerConfig: (3)
  82      |    |    + _ADC1_SchmittTriggerConfig: (4)
          |    | 
          | 
  83      + _Full_Water: (2)
  84      |    + _OLED_print_Image: (7)
  85      |    |    + _I2C_CheckEvent --> 25
  86      |    |    + _I2C_GenerateSTART --> 26
  87      |    |    + _I2C_GenerateSTOP --> 27
  88      |    |    + _I2C_Send7bitAddress --> 28
  89      |    |    + _I2C_SendData --> 29
  90      |    |    + _OLED_gotoxy --> 30
          |    | 
  91      |    + _delay_ms: (4)
  92      |    |    + _delay_us: (4)
          |    | 
          | 
  93      + _GPIO_setup: (2)
  94      |    + _GPIO_DeInit: (2)
  95      |    + _GPIO_Init: (6)
          | 
  96      + _Low_water: (2)
  97      |    + _OLED_print_Image --> 84
  98      |    + _delay_ms --> 91
          | 
  99      + _Moisturn_Full_D1: (2)
 100      |    + _OLED_print_Image_4page: (9)
 101      |    |    + _I2C_CheckEvent --> 25
 102      |    |    + _I2C_GenerateSTART --> 26
 103      |    |    + _I2C_GenerateSTOP --> 27
 104      |    |    + _I2C_Send7bitAddress --> 28
 105      |    |    + _I2C_SendData --> 29
 106      |    |    + _OLED_gotoxy --> 30
          |    | 
          | 
 107      + _OLED_clear_buffer: (4)
 108      + _OLED_clear_screen: (2)
 109      |    + _OLED_fill: (5)
 110      |    |    + _I2C_CheckEvent --> 25
 111      |    |    + _I2C_GenerateSTART --> 26
 112      |    |    + _I2C_GenerateSTOP --> 27
 113      |    |    + _I2C_Send7bitAddress --> 28
 114      |    |    + _I2C_SendData --> 29
 115      |    |    + _OLED_gotoxy --> 30
          |    | 
          | 
 116      + _OLED_init: (2)
 117      |    + _OLED_HW_setup: (2)
 118      |    |    + _I2C_setup: (2)
 119      |    |    |    + _CLK_GetClockFreq: (11)
 120      |    |    |    + _I2C_Cmd: (2)
 121      |    |    |    + _I2C_DeInit: (2)
 122      |    |    |    + _I2C_Init: (21)
 123      |    |    |    |    + _I2C_AcknowledgeConfig: (3)
          |    |    |    | 
          |    |    | 
          |    | 
 124      |    + _OLED_write --> 31
 125      |    + _delay_ms --> 91
          | 
 126      + _OLED_print_int: (22)
 127      |    + _OLED_print_string: (6)
 128      |    |    + _OLED_print_char: (7)
 129      |    |    |    + _OLED_gotoxy --> 30
 130      |    |    |    + _OLED_write --> 31
          |    |    | 
          |    | 
 131      |    + _OLED_print_string_2x: (6)
 132      |    |    + _OLED_clear_screen --> 108
 133      |    |    + _OLED_print_2xChar: (15)
 134      |    |    |    + _OLED_gotoxy --> 30
 135      |    |    |    + _OLED_write --> 31
          |    |    | 
          |    | 
          | 
 136      + _clock_setup: (2)
 137      |    + _CLK_ClockSwitchCmd: (2)
 138      |    + _CLK_ClockSwitchConfig: (10)
 139      |    + _CLK_DeInit: (2)
 140      |    + _CLK_GetFlagStatus: (7)
 141      |    + _CLK_HSECmd: (2)
 142      |    + _CLK_HSICmd: (2)
 143      |    + _CLK_HSIPrescalerConfig: (3)
 144      |    + _CLK_LSICmd: (2)
 145      |    + _CLK_PeripheralClockConfig: (4)
 146      |    + _CLK_SYSCLKConfig: (3)
          | 
 147      + _delay_ms --> 91
       
 148 > f_NonHandledInterrupt: (6)

 149   _ADC1_ClearFlag --> 70

 150   _ADC1_Cmd --> 76

 151   _ADC1_ConversionConfig --> 71

 152   _ADC1_DeInit --> 77

 153   _ADC1_ExternalTriggerConfig --> 80

 154   _ADC1_GetConversionValue --> 72

 155   _ADC1_GetFlagStatus --> 73

 156   _ADC1_Init --> 78

 157   _ADC1_PrescalerConfig --> 81

 158   _ADC1_ReadChannel --> 69

 159   _ADC1_SchmittTriggerConfig --> 82

 160   _ADC1_StartConversion --> 74

 161   _ADC1_setup --> 75

 162   _CLK_ClockSwitchCmd --> 137

 163   _CLK_ClockSwitchConfig --> 138

 164   _CLK_DeInit --> 139

 165   _CLK_GetClockFreq --> 119

 166   _CLK_GetFlagStatus --> 140

 167   _CLK_HSECmd --> 141

 168   _CLK_HSICmd --> 142

 169   _CLK_HSIPrescalerConfig --> 143

 170   _CLK_LSICmd --> 144

 171   _CLK_PeripheralClockConfig --> 145

 172   _CLK_SYSCLKConfig --> 146

 173   _Draw_Pixel --> 65

 174   _Full_Water --> 83

 175   _GPIO_DeInit --> 94

 176   _GPIO_Init --> 95

 177   _GPIO_setup --> 93

 178   _I2C_AcknowledgeConfig --> 123

 179   _I2C_CheckEvent --> 25

 180   _I2C_Cmd --> 120

 181   _I2C_DeInit --> 121

 182   _I2C_GenerateSTART --> 26

 183   _I2C_GenerateSTOP --> 27

 184   _I2C_GetFlagStatus --> 35

 185   _I2C_Init --> 122

 186   _I2C_Send7bitAddress --> 28

 187   _I2C_SendData --> 29

 188   _I2C_setup --> 118

 189   _Low_water --> 96

 190   _Moisturn_Full_D1 --> 99

 191   _OLED_HW_setup --> 117

 192   _OLED_clear_buffer --> 107

 193   _OLED_clear_screen --> 108

 194   _OLED_fill --> 109

 195   _OLED_gotoxy --> 30

 196   _OLED_init --> 116

 197   _OLED_print_2xChar --> 133

 198   _OLED_print_Image --> 84

 199   _OLED_print_Image_2page --> 24

 200   _OLED_print_Image_4page --> 100

 201   _OLED_print_char --> 128

 202   _OLED_print_int --> 126

 203   _OLED_print_string --> 127

 204   _OLED_print_string_2x --> 131

 205   _OLED_write --> 31

 206   _clock_setup --> 136

 207   _delay_ms --> 91

 208   _delay_us --> 92



                               -------
                               Symbols
                               -------

_A0                              ********   *** removed from Debug\main.o ***
_ADC1_AWDChannelConfig           00008e36   defined in Debug\stm8s_adc1.o section .text
_ADC1_ClearFlag                  00008f99   defined in Debug\stm8s_adc1.o section .text
                                            used in Debug\main.o
_ADC1_ClearITPendingBit          00009042   defined in Debug\stm8s_adc1.o section .text
_ADC1_Cmd                        00008cba   defined in Debug\stm8s_adc1.o section .text
                                            used in Debug\main.o
_ADC1_ConversionConfig           00008d9e   defined in Debug\stm8s_adc1.o section .text
                                            used in Debug\main.o
_ADC1_DataBufferCmd              00008cd6   defined in Debug\stm8s_adc1.o section .text
_ADC1_DeInit                     00008c61   defined in Debug\stm8s_adc1.o section .text
                                            used in Debug\main.o
_ADC1_ExternalTriggerConfig      00008dcc   defined in Debug\stm8s_adc1.o section .text
_ADC1_GetAWDChannelStatus        00008f0f   defined in Debug\stm8s_adc1.o section .text
_ADC1_GetBufferValue             00008eb6   defined in Debug\stm8s_adc1.o section .text
_ADC1_GetConversionValue         00008df2   defined in Debug\stm8s_adc1.o section .text
                                            used in Debug\main.o
_ADC1_GetFlagStatus              00008f3f   defined in Debug\stm8s_adc1.o section .text
                                            used in Debug\main.o
_ADC1_GetITStatus                00008ff4   defined in Debug\stm8s_adc1.o section .text
_ADC1_ITConfig                   00008ce4   defined in Debug\stm8s_adc1.o section .text
_ADC1_Init                       00008c92   defined in Debug\stm8s_adc1.o section .text
                                            used in Debug\main.o
_ADC1_PrescalerConfig            00008cfd   defined in Debug\stm8s_adc1.o section .text
_ADC1_ReadChannel                00008b8e   defined in Debug\main.o section .text
_ADC1_ScanModeCmd                00008cc8   defined in Debug\stm8s_adc1.o section .text
_ADC1_SchmittTriggerConfig       00008d10   defined in Debug\stm8s_adc1.o section .text
_ADC1_SetHighThreshold           00008e9d   defined in Debug\stm8s_adc1.o section .text
_ADC1_SetLowThreshold            00008eab   defined in Debug\stm8s_adc1.o section .text
_ADC1_StartConversion            00008ded   defined in Debug\stm8s_adc1.o section .text
                                            used in Debug\main.o
_ADC1_setup                      00008c44   defined in Debug\main.o section .text
_APR_Array                       ********   *** removed from Debug\stm8s_awu.o ***
_AWU_Cmd                         ********   *** removed from Debug\stm8s_awu.o ***
_AWU_DeInit                      ********   *** removed from Debug\stm8s_awu.o ***
_AWU_GetFlagStatus               ********   *** removed from Debug\stm8s_awu.o ***
_AWU_IdleModeEnable              ********   *** removed from Debug\stm8s_awu.o ***
_AWU_Init                        ********   *** removed from Debug\stm8s_awu.o ***
_AWU_LSICalibrationConfig        ********   *** removed from Debug\stm8s_awu.o ***
_BEEP_Cmd                        ********   *** removed from Debug\stm8s_beep.o ***
_BEEP_DeInit                     ********   *** removed from Debug\stm8s_beep.o ***
_BEEP_Init                       ********   *** removed from Debug\stm8s_beep.o ***
_BEEP_LSICalibrationConfig       ********   *** removed from Debug\stm8s_beep.o ***
_CLKPrescTable                   0000839b   defined in Debug\stm8s_clk.o section .const
_CLK_AdjustHSICalibrationValue   0000936e   defined in Debug\stm8s_clk.o section .text
_CLK_CCOCmd                      00009104   defined in Debug\stm8s_clk.o section .text
_CLK_CCOConfig                   00009267   defined in Debug\stm8s_clk.o section .text
_CLK_ClearITPendingBit           00009409   defined in Debug\stm8s_clk.o section .text
_CLK_ClockSecuritySystemEnable   000092f1   defined in Debug\stm8s_clk.o section .text
_CLK_ClockSwitchCmd              00009112   defined in Debug\stm8s_clk.o section .text
                                            used in Debug\main.o
_CLK_ClockSwitchConfig           0000919a   defined in Debug\stm8s_clk.o section .text
                                            used in Debug\main.o
_CLK_DeInit                      00009094   defined in Debug\stm8s_clk.o section .text
                                            used in Debug\main.o
_CLK_FastHaltWakeUpCmd           000090cc   defined in Debug\stm8s_clk.o section .text
_CLK_GetClockFreq                000092fa   defined in Debug\stm8s_clk.o section .text
                                            used in Debug\ssd1306.o
                                                    Debug\stm8s_uart1.o
_CLK_GetFlagStatus               00009380   defined in Debug\stm8s_clk.o section .text
                                            used in Debug\main.o
_CLK_GetITStatus                 000093dd   defined in Debug\stm8s_clk.o section .text
_CLK_GetSYSCLKSource             000092f6   defined in Debug\stm8s_clk.o section .text
_CLK_HSECmd                      000090da   defined in Debug\stm8s_clk.o section .text
                                            used in Debug\main.o
_CLK_HSICmd                      000090e8   defined in Debug\stm8s_clk.o section .text
                                            used in Debug\main.o
_CLK_HSIPrescalerConfig          00009254   defined in Debug\stm8s_clk.o section .text
                                            used in Debug\main.o
_CLK_ITConfig                    0000927e   defined in Debug\stm8s_clk.o section .text
_CLK_LSICmd                      000090f6   defined in Debug\stm8s_clk.o section .text
                                            used in Debug\main.o
_CLK_PeripheralClockConfig       0000912e   defined in Debug\stm8s_clk.o section .text
                                            used in Debug\main.o
_CLK_SWIMConfig                  000092e3   defined in Debug\stm8s_clk.o section .text
_CLK_SYSCLKConfig                000092b6   defined in Debug\stm8s_clk.o section .text
                                            used in Debug\main.o
_CLK_SYSCLKEmergencyClear        0000937b   defined in Debug\stm8s_clk.o section .text
_CLK_SlowActiveHaltWakeUpCmd     00009120   defined in Debug\stm8s_clk.o section .text
_Draw_Pixel                      00008876   defined in Debug\ssd1306.o section .text
_EXTI_DeInit                     ********   *** removed from Debug\stm8s_exti.o ***
_EXTI_GetExtIntSensitivity       ********   *** removed from Debug\stm8s_exti.o ***
_EXTI_GetTLISensitivity          ********   *** removed from Debug\stm8s_exti.o ***
_EXTI_SetExtIntSensitivity       ********   *** removed from Debug\stm8s_exti.o ***
_EXTI_SetTLISensitivity          ********   *** removed from Debug\stm8s_exti.o ***
_FLASH_DeInit                    ********   *** removed from Debug\stm8s_flash.o ***
_FLASH_EraseBlock                ********   *** removed from Debug\stm8s_flash.o ***
_FLASH_EraseByte                 ********   *** removed from Debug\stm8s_flash.o ***
_FLASH_EraseOptionByte           ********   *** removed from Debug\stm8s_flash.o ***
_FLASH_GetBootSize               ********   *** removed from Debug\stm8s_flash.o ***
_FLASH_GetFlagStatus             ********   *** removed from Debug\stm8s_flash.o ***
_FLASH_GetLowPowerMode           ********   *** removed from Debug\stm8s_flash.o ***
_FLASH_GetProgrammingTime        ********   *** removed from Debug\stm8s_flash.o ***
_FLASH_ITConfig                  ********   *** removed from Debug\stm8s_flash.o ***
_FLASH_Lock                      ********   *** removed from Debug\stm8s_flash.o ***
_FLASH_ProgramBlock              ********   *** removed from Debug\stm8s_flash.o ***
_FLASH_ProgramByte               ********   *** removed from Debug\stm8s_flash.o ***
_FLASH_ProgramOptionByte         ********   *** removed from Debug\stm8s_flash.o ***
_FLASH_ProgramWord               ********   *** removed from Debug\stm8s_flash.o ***
_FLASH_ReadByte                  ********   *** removed from Debug\stm8s_flash.o ***
_FLASH_ReadOptionByte            ********   *** removed from Debug\stm8s_flash.o ***
_FLASH_SetLowPowerMode           ********   *** removed from Debug\stm8s_flash.o ***
_FLASH_SetProgrammingTime        ********   *** removed from Debug\stm8s_flash.o ***
_FLASH_Unlock                    ********   *** removed from Debug\stm8s_flash.o ***
_FLASH_WaitForLastOperation      ********   *** removed from Debug\stm8s_flash.o ***
_Full_Water                      00008af5   defined in Debug\ssd1306.o section .text
                                            used in Debug\main.o
_Full_Water_position             00008b05   defined in Debug\ssd1306.o section .text
_GPIO_DeInit                     0000944c   defined in Debug\stm8s_gpio.o section .text
                                            used in Debug\main.o
_GPIO_ExternalPullUpConfig       000094e6   defined in Debug\stm8s_gpio.o section .text
_GPIO_Init                       00009454   defined in Debug\stm8s_gpio.o section .text
                                            used in Debug\uart.o Debug\main.o
_GPIO_ReadInputData              000094dc   defined in Debug\stm8s_gpio.o section .text
_GPIO_ReadInputPin               000094df   defined in Debug\stm8s_gpio.o section .text
_GPIO_ReadOutputData             000094da   defined in Debug\stm8s_gpio.o section .text
_GPIO_Write                      000094bc   defined in Debug\stm8s_gpio.o section .text
_GPIO_WriteHigh                  000094c4   defined in Debug\stm8s_gpio.o section .text
_GPIO_WriteLow                   000094cb   defined in Debug\stm8s_gpio.o section .text
_GPIO_WriteReverse               000094d3   defined in Debug\stm8s_gpio.o section .text
_GPIO_setup                      00008c16   defined in Debug\main.o section .text
_HSIDivFactor                    00008397   defined in Debug\stm8s_clk.o section .const
_I2C_AcknowledgeConfig           000096ad   defined in Debug\stm8s_i2c.o section .text
_I2C_CheckEvent                  0000970d   defined in Debug\stm8s_i2c.o section .text
                                            used in Debug\ssd1306.o
_I2C_ClearFlag                   000097cb   defined in Debug\stm8s_i2c.o section .text
_I2C_ClearITPendingBit           0000982c   defined in Debug\stm8s_i2c.o section .text
_I2C_Cmd                         00009659   defined in Debug\stm8s_i2c.o section .text
                                            used in Debug\ssd1306.o
_I2C_DeInit                      000094fe   defined in Debug\stm8s_i2c.o section .text
                                            used in Debug\ssd1306.o
_I2C_FastModeDutyCycleConfig     000096e6   defined in Debug\stm8s_i2c.o section .text
_I2C_GeneralCallCmd              00009667   defined in Debug\stm8s_i2c.o section .text
_I2C_GenerateSTART               00009675   defined in Debug\stm8s_i2c.o section .text
                                            used in Debug\ssd1306.o
_I2C_GenerateSTOP                00009683   defined in Debug\stm8s_i2c.o section .text
                                            used in Debug\ssd1306.o
_I2C_GetFlagStatus               00009791   defined in Debug\stm8s_i2c.o section .text
                                            used in Debug\ssd1306.o
_I2C_GetITStatus                 000097dc   defined in Debug\stm8s_i2c.o section .text
_I2C_GetLastEvent                0000975e   defined in Debug\stm8s_i2c.o section .text
_I2C_ITConfig                    000096cd   defined in Debug\stm8s_i2c.o section .text
_I2C_Init                        00009523   defined in Debug\stm8s_i2c.o section .text
                                            used in Debug\ssd1306.o
_I2C_ReceiveData                 000096f5   defined in Debug\stm8s_i2c.o section .text
_I2C_Send7bitAddress             000096f9   defined in Debug\stm8s_i2c.o section .text
                                            used in Debug\ssd1306.o
_I2C_SendData                    00009709   defined in Debug\stm8s_i2c.o section .text
                                            used in Debug\ssd1306.o
_I2C_SoftwareResetCmd            00009691   defined in Debug\stm8s_i2c.o section .text
_I2C_StretchClockCmd             0000969f   defined in Debug\stm8s_i2c.o section .text
_I2C_setup                       00008402   defined in Debug\ssd1306.o section .text
_ITC_DeInit                      ********   *** removed from Debug\stm8s_itc.o ***
_ITC_GetCPUCC                    ********   *** removed from Debug\stm8s_itc.o ***
_ITC_GetSoftIntStatus            ********   *** removed from Debug\stm8s_itc.o ***
_ITC_GetSoftwarePriority         ********   *** removed from Debug\stm8s_itc.o ***
_ITC_SetSoftwarePriority         ********   *** removed from Debug\stm8s_itc.o ***
_IWDG_Enable                     ********   *** removed from Debug\stm8s_iwdg.o ***
_IWDG_ReloadCounter              ********   *** removed from Debug\stm8s_iwdg.o ***
_IWDG_SetPrescaler               ********   *** removed from Debug\stm8s_iwdg.o ***
_IWDG_SetReload                  ********   *** removed from Debug\stm8s_iwdg.o ***
_IWDG_WriteAccessCmd             ********   *** removed from Debug\stm8s_iwdg.o ***
_Low_water                       00008ae5   defined in Debug\ssd1306.o section .text
                                            used in Debug\main.o
_Moisturn_Full                   00008308   defined in Debug\ssd1306.o section .const
_Moisturn_Full_D1                00008b14   defined in Debug\ssd1306.o section .text
                                            used in Debug\main.o
_OLED_HW_setup                   0000842e   defined in Debug\ssd1306.o section .text
_OLED_clear_buffer               00008718   defined in Debug\ssd1306.o section .text
                                            used in Debug\main.o
_OLED_clear_screen               00008713   defined in Debug\ssd1306.o section .text
                                            used in Debug\main.o
_OLED_clear_value_area           00008a5b   defined in Debug\ssd1306.o section .text
_OLED_fill                       0000854f   defined in Debug\ssd1306.o section .text
_OLED_gotoxy                     0000851e   defined in Debug\ssd1306.o section .text
_OLED_init                       00008431   defined in Debug\ssd1306.o section .text
                                            used in Debug\main.o
_OLED_print_2xChar               000088f3   defined in Debug\ssd1306.o section .text
_OLED_print_Image                000085ac   defined in Debug\ssd1306.o section .text
_OLED_print_Image_2page          00008621   defined in Debug\ssd1306.o section .text
_OLED_print_Image_4page          0000869a   defined in Debug\ssd1306.o section .text
_OLED_print_char                 00008730   defined in Debug\ssd1306.o section .text
_OLED_print_int                  000087c0   defined in Debug\ssd1306.o section .text
                                            used in Debug\main.o
_OLED_print_string               00008776   defined in Debug\ssd1306.o section .text
_OLED_print_string_2x            00008a14   defined in Debug\ssd1306.o section .text
_OLED_write                      000084d4   defined in Debug\ssd1306.o section .text
_RST_ClearFlag                   ********   *** removed from Debug\stm8s_rst.o ***
_RST_GetFlagStatus               ********   *** removed from Debug\stm8s_rst.o ***
_SPI_BiDirectionalLineConfig     ********   *** removed from Debug\stm8s_spi.o ***
_SPI_CalculateCRCCmd             ********   *** removed from Debug\stm8s_spi.o ***
_SPI_ClearFlag                   ********   *** removed from Debug\stm8s_spi.o ***
_SPI_ClearITPendingBit           ********   *** removed from Debug\stm8s_spi.o ***
_SPI_Cmd                         ********   *** removed from Debug\stm8s_spi.o ***
_SPI_DeInit                      ********   *** removed from Debug\stm8s_spi.o ***
_SPI_GetCRC                      ********   *** removed from Debug\stm8s_spi.o ***
_SPI_GetCRCPolynomial            ********   *** removed from Debug\stm8s_spi.o ***
_SPI_GetFlagStatus               ********   *** removed from Debug\stm8s_spi.o ***
_SPI_GetITStatus                 ********   *** removed from Debug\stm8s_spi.o ***
_SPI_ITConfig                    ********   *** removed from Debug\stm8s_spi.o ***
_SPI_Init                        ********   *** removed from Debug\stm8s_spi.o ***
_SPI_NSSInternalSoftwareCmd      ********   *** removed from Debug\stm8s_spi.o ***
_SPI_ReceiveData                 ********   *** removed from Debug\stm8s_spi.o ***
_SPI_ResetCRC                    ********   *** removed from Debug\stm8s_spi.o ***
_SPI_SendData                    ********   *** removed from Debug\stm8s_spi.o ***
_SPI_TransmitCRC                 ********   *** removed from Debug\stm8s_spi.o ***
_Serial_SendNumber               ********   *** removed from Debug\uart.o ***
_Serial_SendString               ********   *** removed from Debug\uart.o ***
_Serial_available                ********   *** removed from Debug\uart.o ***
_Serial_begin                    ********   *** removed from Debug\uart.o ***
_Serial_newline                  ********   *** removed from Debug\uart.o ***
_Serial_print_char               ********   *** removed from Debug\uart.o ***
_Serial_print_int                ********   *** removed from Debug\uart.o ***
_Serial_print_string             ********   *** removed from Debug\uart.o ***
_Serial_read_char                ********   *** removed from Debug\uart.o ***
_TBR_Array                       ********   *** removed from Debug\stm8s_awu.o ***
_TIM1_ARRPreloadConfig           ********   *** removed from Debug\stm8s_tim1.o ***
_TIM1_BDTRConfig                 ********   *** removed from Debug\stm8s_tim1.o ***
_TIM1_CCPreloadControl           ********   *** removed from Debug\stm8s_tim1.o ***
_TIM1_CCxCmd                     ********   *** removed from Debug\stm8s_tim1.o ***
_TIM1_CCxNCmd                    ********   *** removed from Debug\stm8s_tim1.o ***
_TIM1_ClearFlag                  ********   *** removed from Debug\stm8s_tim1.o ***
_TIM1_ClearITPendingBit          ********   *** removed from Debug\stm8s_tim1.o ***
_TIM1_Cmd                        ********   *** removed from Debug\stm8s_tim1.o ***
_TIM1_CounterModeConfig          ********   *** removed from Debug\stm8s_tim1.o ***
_TIM1_CtrlPWMOutputs             ********   *** removed from Debug\stm8s_tim1.o ***
_TIM1_DeInit                     ********   *** removed from Debug\stm8s_tim1.o ***
_TIM1_ETRClockMode1Config        ********   *** removed from Debug\stm8s_tim1.o ***
_TIM1_ETRClockMode2Config        ********   *** removed from Debug\stm8s_tim1.o ***
_TIM1_ETRConfig                  ********   *** removed from Debug\stm8s_tim1.o ***
_TIM1_EncoderInterfaceConfig     ********   *** removed from Debug\stm8s_tim1.o ***
_TIM1_ForcedOC1Config            ********   *** removed from Debug\stm8s_tim1.o ***
_TIM1_ForcedOC2Config            ********   *** removed from Debug\stm8s_tim1.o ***
_TIM1_ForcedOC3Config            ********   *** removed from Debug\stm8s_tim1.o ***
_TIM1_ForcedOC4Config            ********   *** removed from Debug\stm8s_tim1.o ***
_TIM1_GenerateEvent              ********   *** removed from Debug\stm8s_tim1.o ***
_TIM1_GetCapture1                ********   *** removed from Debug\stm8s_tim1.o ***
_TIM1_GetCapture2                ********   *** removed from Debug\stm8s_tim1.o ***
_TIM1_GetCapture3                ********   *** removed from Debug\stm8s_tim1.o ***
_TIM1_GetCapture4                ********   *** removed from Debug\stm8s_tim1.o ***
_TIM1_GetCounter                 ********   *** removed from Debug\stm8s_tim1.o ***
_TIM1_GetFlagStatus              ********   *** removed from Debug\stm8s_tim1.o ***
_TIM1_GetITStatus                ********   *** removed from Debug\stm8s_tim1.o ***
_TIM1_GetPrescaler               ********   *** removed from Debug\stm8s_tim1.o ***
_TIM1_ICInit                     ********   *** removed from Debug\stm8s_tim1.o ***
_TIM1_ITConfig                   ********   *** removed from Debug\stm8s_tim1.o ***
_TIM1_InternalClockConfig        ********   *** removed from Debug\stm8s_tim1.o ***
_TIM1_OC1FastConfig              ********   *** removed from Debug\stm8s_tim1.o ***
_TIM1_OC1Init                    ********   *** removed from Debug\stm8s_tim1.o ***
_TIM1_OC1NPolarityConfig         ********   *** removed from Debug\stm8s_tim1.o ***
_TIM1_OC1PolarityConfig          ********   *** removed from Debug\stm8s_tim1.o ***
_TIM1_OC1PreloadConfig           ********   *** removed from Debug\stm8s_tim1.o ***
_TIM1_OC2FastConfig              ********   *** removed from Debug\stm8s_tim1.o ***
_TIM1_OC2Init                    ********   *** removed from Debug\stm8s_tim1.o ***
_TIM1_OC2NPolarityConfig         ********   *** removed from Debug\stm8s_tim1.o ***
_TIM1_OC2PolarityConfig          ********   *** removed from Debug\stm8s_tim1.o ***
_TIM1_OC2PreloadConfig           ********   *** removed from Debug\stm8s_tim1.o ***
_TIM1_OC3FastConfig              ********   *** removed from Debug\stm8s_tim1.o ***
_TIM1_OC3Init                    ********   *** removed from Debug\stm8s_tim1.o ***
_TIM1_OC3NPolarityConfig         ********   *** removed from Debug\stm8s_tim1.o ***
_TIM1_OC3PolarityConfig          ********   *** removed from Debug\stm8s_tim1.o ***
_TIM1_OC3PreloadConfig           ********   *** removed from Debug\stm8s_tim1.o ***
_TIM1_OC4FastConfig              ********   *** removed from Debug\stm8s_tim1.o ***
_TIM1_OC4Init                    ********   *** removed from Debug\stm8s_tim1.o ***
_TIM1_OC4PolarityConfig          ********   *** removed from Debug\stm8s_tim1.o ***
_TIM1_OC4PreloadConfig           ********   *** removed from Debug\stm8s_tim1.o ***
_TIM1_PWMIConfig                 ********   *** removed from Debug\stm8s_tim1.o ***
_TIM1_PrescalerConfig            ********   *** removed from Debug\stm8s_tim1.o ***
_TIM1_SelectCOM                  ********   *** removed from Debug\stm8s_tim1.o ***
_TIM1_SelectHallSensor           ********   *** removed from Debug\stm8s_tim1.o ***
_TIM1_SelectInputTrigger         ********   *** removed from Debug\stm8s_tim1.o ***
_TIM1_SelectMasterSlaveMode      ********   *** removed from Debug\stm8s_tim1.o ***
_TIM1_SelectOCxM                 ********   *** removed from Debug\stm8s_tim1.o ***
_TIM1_SelectOnePulseMode         ********   *** removed from Debug\stm8s_tim1.o ***
_TIM1_SelectOutputTrigger        ********   *** removed from Debug\stm8s_tim1.o ***
_TIM1_SelectSlaveMode            ********   *** removed from Debug\stm8s_tim1.o ***
_TIM1_SetAutoreload              ********   *** removed from Debug\stm8s_tim1.o ***
_TIM1_SetCompare1                ********   *** removed from Debug\stm8s_tim1.o ***
_TIM1_SetCompare2                ********   *** removed from Debug\stm8s_tim1.o ***
_TIM1_SetCompare3                ********   *** removed from Debug\stm8s_tim1.o ***
_TIM1_SetCompare4                ********   *** removed from Debug\stm8s_tim1.o ***
_TIM1_SetCounter                 ********   *** removed from Debug\stm8s_tim1.o ***
_TIM1_SetIC1Prescaler            ********   *** removed from Debug\stm8s_tim1.o ***
_TIM1_SetIC2Prescaler            ********   *** removed from Debug\stm8s_tim1.o ***
_TIM1_SetIC3Prescaler            ********   *** removed from Debug\stm8s_tim1.o ***
_TIM1_SetIC4Prescaler            ********   *** removed from Debug\stm8s_tim1.o ***
_TIM1_TIxExternalClockConfig     ********   *** removed from Debug\stm8s_tim1.o ***
_TIM1_TimeBaseInit               ********   *** removed from Debug\stm8s_tim1.o ***
_TIM1_UpdateDisableConfig        ********   *** removed from Debug\stm8s_tim1.o ***
_TIM1_UpdateRequestConfig        ********   *** removed from Debug\stm8s_tim1.o ***
_TIM2_ARRPreloadConfig           ********   *** removed from Debug\stm8s_tim2.o ***
_TIM2_CCxCmd                     ********   *** removed from Debug\stm8s_tim2.o ***
_TIM2_ClearFlag                  ********   *** removed from Debug\stm8s_tim2.o ***
_TIM2_ClearITPendingBit          ********   *** removed from Debug\stm8s_tim2.o ***
_TIM2_Cmd                        ********   *** removed from Debug\stm8s_tim2.o ***
_TIM2_DeInit                     ********   *** removed from Debug\stm8s_tim2.o ***
_TIM2_ForcedOC1Config            ********   *** removed from Debug\stm8s_tim2.o ***
_TIM2_ForcedOC2Config            ********   *** removed from Debug\stm8s_tim2.o ***
_TIM2_ForcedOC3Config            ********   *** removed from Debug\stm8s_tim2.o ***
_TIM2_GenerateEvent              ********   *** removed from Debug\stm8s_tim2.o ***
_TIM2_GetCapture1                ********   *** removed from Debug\stm8s_tim2.o ***
_TIM2_GetCapture2                ********   *** removed from Debug\stm8s_tim2.o ***
_TIM2_GetCapture3                ********   *** removed from Debug\stm8s_tim2.o ***
_TIM2_GetCounter                 ********   *** removed from Debug\stm8s_tim2.o ***
_TIM2_GetFlagStatus              ********   *** removed from Debug\stm8s_tim2.o ***
_TIM2_GetITStatus                ********   *** removed from Debug\stm8s_tim2.o ***
_TIM2_GetPrescaler               ********   *** removed from Debug\stm8s_tim2.o ***
_TIM2_ICInit                     ********   *** removed from Debug\stm8s_tim2.o ***
_TIM2_ITConfig                   ********   *** removed from Debug\stm8s_tim2.o ***
_TIM2_OC1Init                    ********   *** removed from Debug\stm8s_tim2.o ***
_TIM2_OC1PolarityConfig          ********   *** removed from Debug\stm8s_tim2.o ***
_TIM2_OC1PreloadConfig           ********   *** removed from Debug\stm8s_tim2.o ***
_TIM2_OC2Init                    ********   *** removed from Debug\stm8s_tim2.o ***
_TIM2_OC2PolarityConfig          ********   *** removed from Debug\stm8s_tim2.o ***
_TIM2_OC2PreloadConfig           ********   *** removed from Debug\stm8s_tim2.o ***
_TIM2_OC3Init                    ********   *** removed from Debug\stm8s_tim2.o ***
_TIM2_OC3PolarityConfig          ********   *** removed from Debug\stm8s_tim2.o ***
_TIM2_OC3PreloadConfig           ********   *** removed from Debug\stm8s_tim2.o ***
_TIM2_PWMIConfig                 ********   *** removed from Debug\stm8s_tim2.o ***
_TIM2_PrescalerConfig            ********   *** removed from Debug\stm8s_tim2.o ***
_TIM2_SelectOCxM                 ********   *** removed from Debug\stm8s_tim2.o ***
_TIM2_SelectOnePulseMode         ********   *** removed from Debug\stm8s_tim2.o ***
_TIM2_SetAutoreload              ********   *** removed from Debug\stm8s_tim2.o ***
_TIM2_SetCompare1                ********   *** removed from Debug\stm8s_tim2.o ***
_TIM2_SetCompare2                ********   *** removed from Debug\stm8s_tim2.o ***
_TIM2_SetCompare3                ********   *** removed from Debug\stm8s_tim2.o ***
_TIM2_SetCounter                 ********   *** removed from Debug\stm8s_tim2.o ***
_TIM2_SetIC1Prescaler            ********   *** removed from Debug\stm8s_tim2.o ***
_TIM2_SetIC2Prescaler            ********   *** removed from Debug\stm8s_tim2.o ***
_TIM2_SetIC3Prescaler            ********   *** removed from Debug\stm8s_tim2.o ***
_TIM2_TimeBaseInit               ********   *** removed from Debug\stm8s_tim2.o ***
_TIM2_UpdateDisableConfig        ********   *** removed from Debug\stm8s_tim2.o ***
_TIM2_UpdateRequestConfig        ********   *** removed from Debug\stm8s_tim2.o ***
_TIM4_ARRPreloadConfig           ********   *** removed from Debug\stm8s_tim4.o ***
_TIM4_ClearFlag                  ********   *** removed from Debug\stm8s_tim4.o ***
_TIM4_ClearITPendingBit          ********   *** removed from Debug\stm8s_tim4.o ***
_TIM4_Cmd                        ********   *** removed from Debug\stm8s_tim4.o ***
_TIM4_DeInit                     ********   *** removed from Debug\stm8s_tim4.o ***
_TIM4_GenerateEvent              ********   *** removed from Debug\stm8s_tim4.o ***
_TIM4_GetCounter                 ********   *** removed from Debug\stm8s_tim4.o ***
_TIM4_GetFlagStatus              ********   *** removed from Debug\stm8s_tim4.o ***
_TIM4_GetITStatus                ********   *** removed from Debug\stm8s_tim4.o ***
_TIM4_GetPrescaler               ********   *** removed from Debug\stm8s_tim4.o ***
_TIM4_ITConfig                   ********   *** removed from Debug\stm8s_tim4.o ***
_TIM4_PrescalerConfig            ********   *** removed from Debug\stm8s_tim4.o ***
_TIM4_SelectOnePulseMode         ********   *** removed from Debug\stm8s_tim4.o ***
_TIM4_SetAutoreload              ********   *** removed from Debug\stm8s_tim4.o ***
_TIM4_SetCounter                 ********   *** removed from Debug\stm8s_tim4.o ***
_TIM4_TimeBaseInit               ********   *** removed from Debug\stm8s_tim4.o ***
_TIM4_UpdateDisableConfig        ********   *** removed from Debug\stm8s_tim4.o ***
_TIM4_UpdateRequestConfig        ********   *** removed from Debug\stm8s_tim4.o ***
_UART1_ClearFlag                 ********   *** removed from Debug\stm8s_uart1.o ***
_UART1_ClearITPendingBit         ********   *** removed from Debug\stm8s_uart1.o ***
_UART1_Cmd                       ********   *** removed from Debug\stm8s_uart1.o ***
_UART1_DeInit                    ********   *** removed from Debug\stm8s_uart1.o ***
_UART1_GetFlagStatus             ********   *** removed from Debug\stm8s_uart1.o ***
_UART1_GetITStatus               ********   *** removed from Debug\stm8s_uart1.o ***
_UART1_HalfDuplexCmd             ********   *** removed from Debug\stm8s_uart1.o ***
_UART1_ITConfig                  ********   *** removed from Debug\stm8s_uart1.o ***
_UART1_Init                      ********   *** removed from Debug\stm8s_uart1.o ***
_UART1_IrDACmd                   ********   *** removed from Debug\stm8s_uart1.o ***
_UART1_IrDAConfig                ********   *** removed from Debug\stm8s_uart1.o ***
_UART1_LINBreakDetectionConfig   ********   *** removed from Debug\stm8s_uart1.o ***
_UART1_LINCmd                    ********   *** removed from Debug\stm8s_uart1.o ***
_UART1_ReceiveData8              ********   *** removed from Debug\stm8s_uart1.o ***
_UART1_ReceiveData9              ********   *** removed from Debug\stm8s_uart1.o ***
_UART1_ReceiverWakeUpCmd         ********   *** removed from Debug\stm8s_uart1.o ***
_UART1_SendBreak                 ********   *** removed from Debug\stm8s_uart1.o ***
_UART1_SendData8                 ********   *** removed from Debug\stm8s_uart1.o ***
_UART1_SendData9                 ********   *** removed from Debug\stm8s_uart1.o ***
_UART1_SetAddress                ********   *** removed from Debug\stm8s_uart1.o ***
_UART1_SetGuardTime              ********   *** removed from Debug\stm8s_uart1.o ***
_UART1_SetPrescaler              ********   *** removed from Debug\stm8s_uart1.o ***
_UART1_SmartCardCmd              ********   *** removed from Debug\stm8s_uart1.o ***
_UART1_SmartCardNACKCmd          ********   *** removed from Debug\stm8s_uart1.o ***
_UART1_WakeUpConfig              ********   *** removed from Debug\stm8s_uart1.o ***
_WWDG_GetCounter                 ********   *** removed from Debug\stm8s_wwdg.o ***
_WWDG_Init                       ********   *** removed from Debug\stm8s_wwdg.o ***
_WWDG_SWReset                    ********   *** removed from Debug\stm8s_wwdg.o ***
_WWDG_SetCounter                 ********   *** removed from Debug\stm8s_wwdg.o ***
_WWDG_SetWindowValue             ********   *** removed from Debug\stm8s_wwdg.o ***
__endmem                         000001ff   defined in command file
                                            *** not used ***
__endzp                          0000008c   defined in command file section .ubsct
                                            used in D:\01_MCU\COSMIC\CXSTM8\Lib\crtsi0.sm8
__idesc__                        000083af   defined in linker section .init
                                            used in D:\01_MCU\COSMIC\CXSTM8\Lib\crtsi0.sm8
__memory                         00000100   defined in command file section .bss
                                            used in D:\01_MCU\COSMIC\CXSTM8\Lib\crtsi0.sm8
__stack                          000003ff   defined in command file
                                            used in D:\01_MCU\COSMIC\CXSTM8\Lib\crtsi0.sm8
__startmem                       00000100   defined in command file section .bss
                                            *** not used ***
__stext                          000083b2   defined in D:\01_MCU\COSMIC\CXSTM8\Lib\crtsi0.sm8 section .text
                                            used in Debug\stm8_interrupt_vector.o
__vectab                         00008000   defined in Debug\stm8_interrupt_vector.o section .const
_buffer                          00000002   defined in Debug\main.o section .ubsct
                                            used in Debug\ssd1306.o
_clear_rect_area                 00008ab8   defined in Debug\ssd1306.o section .text
_clock_setup                     00008bb2   defined in Debug\main.o section .text
_delay_ms                        00009437   defined in Debug\stm8s_delay.o section .text
                                            used in Debug\ssd1306.o Debug\main.o
_delay_us                        00009418   defined in Debug\stm8s_delay.o section .text
_exit                            00008400   defined in D:\01_MCU\COSMIC\CXSTM8\Lib\crtsi0.sm8 section .text
_main                            00008b23   defined in Debug\main.o section .text
                                            used in D:\01_MCU\COSMIC\CXSTM8\Lib\crtsi0.sm8
_result                          00000000   defined in Debug\main.o section .ubsct
_water_Full                      000082a8   defined in Debug\ssd1306.o section .const
_water_Low                       000082c8   defined in Debug\ssd1306.o section .const
_water_bottle                    000082e8   defined in Debug\ssd1306.o section .const
c_cmulx                          ********   *** removed from (D:\01_MCU\COSMIC\CXSTM8\Lib\libm0.sm8)cmulx.o ***
c_divsl                          00009a6b   defined in (D:\01_MCU\COSMIC\CXSTM8\Lib\libm0.sm8)ldiv.o section .text
                                            *** not used ***
c_divul                          00009a82   defined in (D:\01_MCU\COSMIC\CXSTM8\Lib\libm0.sm8)ldiv.o section .text
                                            used in (D:\01_MCU\COSMIC\CXSTM8\Lib\libm0.sm8)ludiv.o
                                                    (D:\01_MCU\COSMIC\CXSTM8\Lib\libm0.sm8)lumod.o
c_fmul                           0000983d   defined in (D:\01_MCU\COSMIC\CXSTM8\Lib\libm0.sm8)fmul.o section .text
                                            used in Debug\stm8s_delay.o
c_ftoi                           00009912   defined in (D:\01_MCU\COSMIC\CXSTM8\Lib\libm0.sm8)ftol.o section .text
                                            used in Debug\stm8s_delay.o
c_ftol                           00009918   defined in (D:\01_MCU\COSMIC\CXSTM8\Lib\libm0.sm8)ftol.o section .text
c_imul                           ********   *** removed from (D:\01_MCU\COSMIC\CXSTM8\Lib\libm0.sm8)imul.o ***
c_ladc                           00009974   defined in (D:\01_MCU\COSMIC\CXSTM8\Lib\libm0.sm8)ladc.o section .text
                                            used in Debug\ssd1306.o
c_ladd                           ********   *** removed from (D:\01_MCU\COSMIC\CXSTM8\Lib\libm0.sm8)ladd.o ***
c_lcmp                           00009985   defined in (D:\01_MCU\COSMIC\CXSTM8\Lib\libm0.sm8)lcmp.o section .text
                                            used in Debug\stm8s_i2c.o
c_lgadd                          ********   *** removed from (D:\01_MCU\COSMIC\CXSTM8\Lib\libm0.sm8)lgadd.o ***
c_lgneg                          00009b56   defined in (D:\01_MCU\COSMIC\CXSTM8\Lib\libm0.sm8)lgneg.o section .text
                                            used in (D:\01_MCU\COSMIC\CXSTM8\Lib\libm0.sm8)ldiv.o
c_llsh                           ********   *** removed from (D:\01_MCU\COSMIC\CXSTM8\Lib\libm0.sm8)llsh.o ***
c_lmul                           000099a5   defined in (D:\01_MCU\COSMIC\CXSTM8\Lib\libm0.sm8)lmul.o section .text
                                            used in Debug\stm8s_i2c.o
c_lmulc                          000099ad   defined in (D:\01_MCU\COSMIC\CXSTM8\Lib\libm0.sm8)lmul.o section .text
                                            *** not used ***
c_lneg                           00009a30   defined in (D:\01_MCU\COSMIC\CXSTM8\Lib\libm0.sm8)lneg.o section .text
                                            used in Debug\ssd1306.o
                                                    (D:\01_MCU\COSMIC\CXSTM8\Lib\libm0.sm8)ldiv.o
c_lreg                           00000082   defined in (D:\01_MCU\COSMIC\CXSTM8\Lib\libm0.sm8)lreg.o section .ubsct
                                            used in Debug\ssd1306.o
                                                    Debug\stm8s_awu.o
                                                    Debug\stm8s_beep.o
                                                    Debug\stm8s_clk.o
                                                    Debug\stm8s_flash.o
                                                    Debug\stm8s_i2c.o
                                                    Debug\stm8s_uart1.o
                                                    (D:\01_MCU\COSMIC\CXSTM8\Lib\libm0.sm8)cmulx.o
                                                    (D:\01_MCU\COSMIC\CXSTM8\Lib\libm0.sm8)fmul.o
                                                    (D:\01_MCU\COSMIC\CXSTM8\Lib\libm0.sm8)ftol.o
                                                    (D:\01_MCU\COSMIC\CXSTM8\Lib\libm0.sm8)ladc.o
                                                    (D:\01_MCU\COSMIC\CXSTM8\Lib\libm0.sm8)ladd.o
                                                    (D:\01_MCU\COSMIC\CXSTM8\Lib\libm0.sm8)lcmp.o
                                                    (D:\01_MCU\COSMIC\CXSTM8\Lib\libm0.sm8)lgadd.o
                                                    (D:\01_MCU\COSMIC\CXSTM8\Lib\libm0.sm8)llsh.o
                                                    (D:\01_MCU\COSMIC\CXSTM8\Lib\libm0.sm8)lmul.o
                                                    (D:\01_MCU\COSMIC\CXSTM8\Lib\libm0.sm8)lneg.o
                                                    (D:\01_MCU\COSMIC\CXSTM8\Lib\libm0.sm8)lsub.o
                                                    (D:\01_MCU\COSMIC\CXSTM8\Lib\libm0.sm8)ltor.o
                                                    (D:\01_MCU\COSMIC\CXSTM8\Lib\libm0.sm8)ldiv.o
                                                    (D:\01_MCU\COSMIC\CXSTM8\Lib\libm0.sm8)lumod.o
                                                    (D:\01_MCU\COSMIC\CXSTM8\Lib\libm0.sm8)lursh.o
                                                    (D:\01_MCU\COSMIC\CXSTM8\Lib\libm0.sm8)rtol.o
                                                    (D:\01_MCU\COSMIC\CXSTM8\Lib\libm0.sm8)smul.o
                                                    (D:\01_MCU\COSMIC\CXSTM8\Lib\libm0.sm8)uitof.o
                                                    (D:\01_MCU\COSMIC\CXSTM8\Lib\libm0.sm8)umul.o
c_lsub                           ********   *** removed from (D:\01_MCU\COSMIC\CXSTM8\Lib\libm0.sm8)lsub.o ***
c_ltor                           00009a45   defined in (D:\01_MCU\COSMIC\CXSTM8\Lib\libm0.sm8)ltor.o section .text
                                            used in Debug\ssd1306.o
                                                    Debug\stm8s_awu.o
                                                    Debug\stm8s_beep.o
                                                    Debug\stm8s_clk.o
                                                    Debug\stm8s_flash.o
                                                    Debug\stm8s_i2c.o
                                                    Debug\stm8s_uart1.o
c_ludv                           00009a57   defined in (D:\01_MCU\COSMIC\CXSTM8\Lib\libm0.sm8)ludiv.o section .text
                                            used in Debug\ssd1306.o
                                                    Debug\stm8s_awu.o
                                                    Debug\stm8s_beep.o
                                                    Debug\stm8s_clk.o
                                                    Debug\stm8s_i2c.o
                                                    Debug\stm8s_uart1.o
c_lumd                           00009b69   defined in (D:\01_MCU\COSMIC\CXSTM8\Lib\libm0.sm8)lumod.o section .text
                                            used in Debug\ssd1306.o
c_lursh                          00009b83   defined in (D:\01_MCU\COSMIC\CXSTM8\Lib\libm0.sm8)lursh.o section .text
                                            used in Debug\main.o
c_lzmp                           00009b92   defined in (D:\01_MCU\COSMIC\CXSTM8\Lib\libm0.sm8)lzmp.o section .text
                                            used in Debug\ssd1306.o
c_okmul                          0000984b   defined in (D:\01_MCU\COSMIC\CXSTM8\Lib\libm0.sm8)fmul.o section .text
                                            *** not used ***
c_rtol                           00009ba5   defined in (D:\01_MCU\COSMIC\CXSTM8\Lib\libm0.sm8)rtol.o section .text
                                            used in Debug\ssd1306.o Debug\main.o
                                                    Debug\stm8s_clk.o
                                                    Debug\stm8s_flash.o
                                                    Debug\stm8s_i2c.o
                                                    Debug\stm8s_uart1.o
c_sdivx                          00009bbd   defined in (D:\01_MCU\COSMIC\CXSTM8\Lib\libm0.sm8)sdivx.o section .text
                                            used in Debug\uart.o
                                                    Debug\stm8s_i2c.o
c_sdivy                          ********   *** removed from (D:\01_MCU\COSMIC\CXSTM8\Lib\libm0.sm8)sdivy.o ***
c_smodx                          00009bb7   defined in (D:\01_MCU\COSMIC\CXSTM8\Lib\libm0.sm8)sdivx.o section .text
                                            *** not used ***
c_smody                          ********   *** removed from (D:\01_MCU\COSMIC\CXSTM8\Lib\libm0.sm8)sdivy.o ***
c_smul                           00009be2   defined in (D:\01_MCU\COSMIC\CXSTM8\Lib\libm0.sm8)smul.o section .text
                                            used in Debug\stm8s_i2c.o
                                                    Debug\stm8s_uart1.o
c_uitof                          00009c21   defined in (D:\01_MCU\COSMIC\CXSTM8\Lib\libm0.sm8)uitof.o section .text
                                            used in Debug\stm8s_delay.o
c_umul                           00009c45   defined in (D:\01_MCU\COSMIC\CXSTM8\Lib\libm0.sm8)umul.o section .text
                                            used in Debug\main.o
                                                    Debug\stm8s_flash.o
c_x                              00000086   defined in (D:\01_MCU\COSMIC\CXSTM8\Lib\libm0.sm8)xreg.o section .ubsct
                                            used in D:\01_MCU\COSMIC\CXSTM8\Lib\crtsi0.sm8
                                                    Debug\ssd1306.o
                                                    Debug\stm8s_awu.o
                                                    Debug\stm8s_beep.o
                                                    (D:\01_MCU\COSMIC\CXSTM8\Lib\libm0.sm8)fmul.o
                                                    (D:\01_MCU\COSMIC\CXSTM8\Lib\libm0.sm8)imul.o
                                                    (D:\01_MCU\COSMIC\CXSTM8\Lib\libm0.sm8)lmul.o
                                                    (D:\01_MCU\COSMIC\CXSTM8\Lib\libm0.sm8)ldiv.o
                                                    (D:\01_MCU\COSMIC\CXSTM8\Lib\libm0.sm8)sdivx.o
                                                    (D:\01_MCU\COSMIC\CXSTM8\Lib\libm0.sm8)umul.o
                                                    (D:\01_MCU\COSMIC\CXSTM8\Lib\libm0.sm8)xymov.o
c_xymov                          00009c81   defined in (D:\01_MCU\COSMIC\CXSTM8\Lib\libm0.sm8)xymov.o section .text
                                            used in Debug\uart.o Debug\ssd1306.o
c_y                              00000089   defined in (D:\01_MCU\COSMIC\CXSTM8\Lib\libm0.sm8)yreg.o section .ubsct
                                            used in D:\01_MCU\COSMIC\CXSTM8\Lib\crtsi0.sm8
                                                    (D:\01_MCU\COSMIC\CXSTM8\Lib\libm0.sm8)sdivy.o
                                                    (D:\01_MCU\COSMIC\CXSTM8\Lib\libm0.sm8)umul.o
f_NonHandledInterrupt            00009cc0   defined in Debug\stm8_interrupt_vector.o section .text
